Building for debugging...
[Computing dependencies]
[Using on-disk description]
[8 / 300] swift-nio-ssl_NIOSSL
[9 / 295]
[9 / 76] ContainerAPIClient
[12 / 21] Keg
[26 / 37]
[28 / 37] Keg
/Volumes/Atlas/Code/projects/meadow/Sources/Keg/Views/Dashboard/SystemDashboardDetailView.swift:12:17: warning: cannot use generic class 'Autoconnect' in a property declaration member of a type not marked '@_implementationOnly'; 'Combine' was not imported by this file
 10 | 
 11 |     private let metricsService = SystemMetrics.shared
 12 |     private let timer = Timer.publish(every: 2, on: .main, in: .common).autoconnect()
    |                 `- warning: cannot use generic class 'Autoconnect' in a property declaration member of a type not marked '@_implementationOnly'; 'Combine' was not imported by this file
 13 | 
 14 |     var body: some View {

Combine.Publishers.Autoconnect:2:14: note: generic class declared here
 1 | enum Publishers {
 2 | public class Autoconnect<Upstream> : Publisher where Upstream : ConnectablePublisher {
   |              `- note: generic class declared here
 3 |     public typealias Output = Upstream.Output
 4 |     public typealias Failure = Upstream.Failure

/Volumes/Atlas/Code/projects/meadow/Sources/Keg/Views/Dashboard/SystemDashboardDetailView.swift:12:17: warning: cannot use enum 'Publishers' in a property declaration member of a type not marked '@_implementationOnly'; 'Combine' was not imported by this file
 10 | 
 11 |     private let metricsService = SystemMetrics.shared
 12 |     private let timer = Timer.publish(every: 2, on: .main, in: .common).autoconnect()
    |                 `- warning: cannot use enum 'Publishers' in a property declaration member of a type not marked '@_implementationOnly'; 'Combine' was not imported by this file
 13 | 
 14 |     var body: some View {

Combine.Publishers:2:13: note: enum declared here
1 | @available(macOS 10.15, iOS 13.0, tvOS 13.0, watchOS 6.0, *)
2 | public enum Publishers {
  |             `- note: enum declared here
3 | }
[33 / 40] Keg
[34 / 39] KegTests-product
[36 / 41] KegTests-product
[39 / 42] KegTests-product
[41 / 45] KegTests-product
[43 / 45] KegTests-product
Build complete! (8.44 sec)
Test Suite 'Selected tests' started at 2026-09-17 00:52:13.414.
Test Suite 'KegTests.xctest' started at 2026-09-17 00:52:13.420.
Test Suite 'KubernetesShadowTests' started at 2026-09-17 00:52:13.420.
Test Case '-[KegTests.KubernetesShadowTests testClusterHealth]' started.
/Volumes/Atlas/Code/projects/meadow/Tests/KegTests/KubernetesShadowTests.swift:112: error: -[KegTests.KubernetesShadowTests testClusterHealth] : XCTAssertEqual failed: ("1") is not equal to ("0") - IP forwarding should enable
/Volumes/Atlas/Code/projects/meadow/Tests/KegTests/KubernetesShadowTests.swift:78: error: -[KegTests.KubernetesShadowTests testClusterHealth] : failed - Timed out waiting for node Ready after 90s
/Volumes/Atlas/Code/projects/meadow/Tests/KegTests/KubernetesShadowTests.swift:160: error: -[KegTests.KubernetesShadowTests testClusterHealth] : XCTAssertEqual failed: ("1") is not equal to ("0")
/Volumes/Atlas/Code/projects/meadow/Tests/KegTests/KubernetesShadowTests.swift:161: error: -[KegTests.KubernetesShadowTests testClusterHealth] : XCTAssertTrue failed - Node should be Ready
/Volumes/Atlas/Code/projects/meadow/Tests/KegTests/KubernetesShadowTests.swift:334: error: -[KegTests.KubernetesShadowTests testClusterHealth] : XCTAssertEqual failed: ("1") is not equal to ("0")
/Volumes/Atlas/Code/projects/meadow/Tests/KegTests/KubernetesShadowTests.swift:335: error: -[KegTests.KubernetesShadowTests testClusterHealth] : XCTAssertTrue failed - Should show cluster info
/Volumes/Atlas/Code/projects/meadow/Tests/KegTests/KubernetesShadowTests.swift:340: error: -[KegTests.KubernetesShadowTests testClusterHealth] : XCTAssertEqual failed: ("1") is not equal to ("0")
/Volumes/Atlas/Code/projects/meadow/Tests/KegTests/KubernetesShadowTests.swift:341: error: -[KegTests.KubernetesShadowTests testClusterHealth] : XCTAssertTrue failed
/Volumes/Atlas/Code/projects/meadow/Tests/KegTests/KubernetesShadowTests.swift:342: error: -[KegTests.KubernetesShadowTests testClusterHealth] : XCTAssertTrue failed
Test Case '-[KegTests.KubernetesShadowTests testClusterHealth]' failed (99.366 seconds).
Test Case '-[KegTests.KubernetesShadowTests testConfigMapMount]' started.
/Volumes/Atlas/Code/projects/meadow/Tests/KegTests/KubernetesShadowTests.swift:112: error: -[KegTests.KubernetesShadowTests testConfigMapMount] : XCTAssertEqual failed: ("1") is not equal to ("0") - IP forwarding should enable
/Volumes/Atlas/Code/projects/meadow/Tests/KegTests/KubernetesShadowTests.swift:121: error: -[KegTests.KubernetesShadowTests testConfigMapMount] : XCTAssertEqual failed: ("1") is not equal to ("0") - kubeadm init should succeed:  falling back to: stable-1.34
[init] Using Kubernetes version: v1.34.11
[preflight] Running pre-flight checks
[preflight] Some fatal errors occurred:
	[ERROR FileContent--proc-sys-net-ipv4-ip_forward]: /proc/sys/net/ipv4/ip_forward contents are not set to 1
[preflight] If you know what you are doing, you can make a check non-fatal with `--ignore-preflight-errors=...`
error: error execution phase preflight: preflight checks failed
To see the stack trace of this error execute with --v=5 or higher

/Volumes/Atlas/Code/projects/meadow/Tests/KegTests/KubernetesShadowTests.swift:129: error: -[KegTests.KubernetesShadowTests testConfigMapMount] : XCTAssertEqual failed: ("1") is not equal to ("0") - CNI install should succeed: error: error validating "STDIN": error validating data: failed to download openapi: Get "http://localhost:8080/openapi/v2?timeout=32s": dial tcp 127.0.0.1:8080: connect: connection refused; if you choose to ignore these errors, turn validation off with --validate=false

/Volumes/Atlas/Code/projects/meadow/Tests/KegTests/KubernetesShadowTests.swift:145: error: -[KegTests.KubernetesShadowTests testConfigMapMount] : XCTAssertEqual failed: ("1") is not equal to ("0") - should extract kubeconfig
/Volumes/Atlas/Code/projects/meadow/Tests/KegTests/KubernetesShadowTests.swift:78: error: -[KegTests.KubernetesShadowTests testConfigMapMount] : failed - Timed out waiting for node Ready after 90s
/Volumes/Atlas/Code/projects/meadow/Tests/KegTests/KubernetesShadowTests.swift:160: error: -[KegTests.KubernetesShadowTests testConfigMapMount] : XCTAssertEqual failed: ("1") is not equal to ("0")
/Volumes/Atlas/Code/projects/meadow/Tests/KegTests/KubernetesShadowTests.swift:161: error: -[KegTests.KubernetesShadowTests testConfigMapMount] : XCTAssertTrue failed - Node should be Ready
/Volumes/Atlas/Code/projects/meadow/Tests/KegTests/KubernetesShadowTests.swift:313: error: -[KegTests.KubernetesShadowTests testConfigMapMount] : XCTAssertEqual failed: ("1") is not equal to ("0") - ConfigMap should create: error: error loading config file "/Users/rahult/.keg/kubeconfig-shadow": yaml: mapping values are not allowed in this context

/Volumes/Atlas/Code/projects/meadow/Tests/KegTests/KubernetesShadowTests.swift:318: error: -[KegTests.KubernetesShadowTests testConfigMapMount] : XCTAssertEqual failed: ("1") is not equal to ("0")
/Volumes/Atlas/Code/projects/meadow/Tests/KegTests/KubernetesShadowTests.swift:319: error: -[KegTests.KubernetesShadowTests testConfigMapMount] : XCTAssertTrue failed
/Volumes/Atlas/Code/projects/meadow/Tests/KegTests/KubernetesShadowTests.swift:320: error: -[KegTests.KubernetesShadowTests testConfigMapMount] : XCTAssertTrue failed
Test Case '-[KegTests.KubernetesShadowTests testConfigMapMount]' failed (99.307 seconds).
Test Case '-[KegTests.KubernetesShadowTests testCreateCluster]' started.
/Volumes/Atlas/Code/projects/meadow/Tests/KegTests/KubernetesShadowTests.swift:112: error: -[KegTests.KubernetesShadowTests testCreateCluster] : XCTAssertEqual failed: ("1") is not equal to ("0") - IP forwarding should enable
/Volumes/Atlas/Code/projects/meadow/Tests/KegTests/KubernetesShadowTests.swift:121: error: -[KegTests.KubernetesShadowTests testCreateCluster] : XCTAssertEqual failed: ("1") is not equal to ("0") - kubeadm init should succeed:  falling back to: stable-1.34
[init] Using Kubernetes version: v1.34.11
[preflight] Running pre-flight checks
[preflight] Some fatal errors occurred:
	[ERROR FileContent--proc-sys-net-ipv4-ip_forward]: /proc/sys/net/ipv4/ip_forward contents are not set to 1
[preflight] If you know what you are doing, you can make a check non-fatal with `--ignore-preflight-errors=...`
error: error execution phase preflight: preflight checks failed
To see the stack trace of this error execute with --v=5 or higher

/Volumes/Atlas/Code/projects/meadow/Tests/KegTests/KubernetesShadowTests.swift:129: error: -[KegTests.KubernetesShadowTests testCreateCluster] : XCTAssertEqual failed: ("1") is not equal to ("0") - CNI install should succeed: error: error validating "STDIN": error validating data: failed to download openapi: Get "http://localhost:8080/openapi/v2?timeout=32s": dial tcp 127.0.0.1:8080: connect: connection refused; if you choose to ignore these errors, turn validation off with --validate=false

/Volumes/Atlas/Code/projects/meadow/Tests/KegTests/KubernetesShadowTests.swift:145: error: -[KegTests.KubernetesShadowTests testCreateCluster] : XCTAssertEqual failed: ("1") is not equal to ("0") - should extract kubeconfig
/Volumes/Atlas/Code/projects/meadow/Tests/KegTests/KubernetesShadowTests.swift:78: error: -[KegTests.KubernetesShadowTests testCreateCluster] : failed - Timed out waiting for node Ready after 90s
/Volumes/Atlas/Code/projects/meadow/Tests/KegTests/KubernetesShadowTests.swift:160: error: -[KegTests.KubernetesShadowTests testCreateCluster] : XCTAssertEqual failed: ("1") is not equal to ("0")
/Volumes/Atlas/Code/projects/meadow/Tests/KegTests/KubernetesShadowTests.swift:161: error: -[KegTests.KubernetesShadowTests testCreateCluster] : XCTAssertTrue failed - Node should be Ready
Test Case '-[KegTests.KubernetesShadowTests testCreateCluster]' failed (99.252 seconds).
Test Case '-[KegTests.KubernetesShadowTests testCreateSecret]' started.
/Volumes/Atlas/Code/projects/meadow/Tests/KegTests/KubernetesShadowTests.swift:112: error: -[KegTests.KubernetesShadowTests testCreateSecret] : XCTAssertEqual failed: ("1") is not equal to ("0") - IP forwarding should enable
/Volumes/Atlas/Code/projects/meadow/Tests/KegTests/KubernetesShadowTests.swift:121: error: -[KegTests.KubernetesShadowTests testCreateSecret] : XCTAssertEqual failed: ("1") is not equal to ("0") - kubeadm init should succeed:  falling back to: stable-1.34
[init] Using Kubernetes version: v1.34.11
[preflight] Running pre-flight checks
[preflight] Some fatal errors occurred:
	[ERROR FileContent--proc-sys-net-ipv4-ip_forward]: /proc/sys/net/ipv4/ip_forward contents are not set to 1
[preflight] If you know what you are doing, you can make a check non-fatal with `--ignore-preflight-errors=...`
error: error execution phase preflight: preflight checks failed
To see the stack trace of this error execute with --v=5 or higher

/Volumes/Atlas/Code/projects/meadow/Tests/KegTests/KubernetesShadowTests.swift:129: error: -[KegTests.KubernetesShadowTests testCreateSecret] : XCTAssertEqual failed: ("1") is not equal to ("0") - CNI install should succeed: error: error validating "STDIN": error validating data: failed to download openapi: Get "http://localhost:8080/openapi/v2?timeout=32s": dial tcp 127.0.0.1:8080: connect: connection refused; if you choose to ignore these errors, turn validation off with --validate=false

/Volumes/Atlas/Code/projects/meadow/Tests/KegTests/KubernetesShadowTests.swift:145: error: -[KegTests.KubernetesShadowTests testCreateSecret] : XCTAssertEqual failed: ("1") is not equal to ("0") - should extract kubeconfig
/Volumes/Atlas/Code/projects/meadow/Tests/KegTests/KubernetesShadowTests.swift:78: error: -[KegTests.KubernetesShadowTests testCreateSecret] : failed - Timed out waiting for node Ready after 90s
/Volumes/Atlas/Code/projects/meadow/Tests/KegTests/KubernetesShadowTests.swift:160: error: -[KegTests.KubernetesShadowTests testCreateSecret] : XCTAssertEqual failed: ("1") is not equal to ("0")
/Volumes/Atlas/Code/projects/meadow/Tests/KegTests/KubernetesShadowTests.swift:161: error: -[KegTests.KubernetesShadowTests testCreateSecret] : XCTAssertTrue failed - Node should be Ready
/Volumes/Atlas/Code/projects/meadow/Tests/KegTests/KubernetesShadowTests.swift:550: error: -[KegTests.KubernetesShadowTests testCreateSecret] : XCTAssertEqual failed: ("1") is not equal to ("0") - Secret should create: error: error loading config file "/Users/rahult/.keg/kubeconfig-shadow": yaml: mapping values are not allowed in this context

/Volumes/Atlas/Code/projects/meadow/Tests/KegTests/KubernetesShadowTests.swift:555: error: -[KegTests.KubernetesShadowTests testCreateSecret] : XCTAssertEqual failed: ("1") is not equal to ("0") - should get secret
/Volumes/Atlas/Code/projects/meadow/Tests/KegTests/KubernetesShadowTests.swift:556: error: -[KegTests.KubernetesShadowTests testCreateSecret] : XCTAssertTrue failed - Secret should exist in output
/Volumes/Atlas/Code/projects/meadow/Tests/KegTests/KubernetesShadowTests.swift:561: error: -[KegTests.KubernetesShadowTests testCreateSecret] : XCTAssertEqual failed: ("1") is not equal to ("0")
/Volumes/Atlas/Code/projects/meadow/Tests/KegTests/KubernetesShadowTests.swift:562: error: -[KegTests.KubernetesShadowTests testCreateSecret] : XCTAssertTrue failed - Secret should contain password key
/Volumes/Atlas/Code/projects/meadow/Tests/KegTests/KubernetesShadowTests.swift:567: error: -[KegTests.KubernetesShadowTests testCreateSecret] : XCTAssertEqual failed: ("1") is not equal to ("0")
Test Case '-[KegTests.KubernetesShadowTests testCreateSecret]' failed (98.827 seconds).
Test Case '-[KegTests.KubernetesShadowTests testCreateService]' started.
/Volumes/Atlas/Code/projects/meadow/Tests/KegTests/KubernetesShadowTests.swift:112: error: -[KegTests.KubernetesShadowTests testCreateService] : XCTAssertEqual failed: ("1") is not equal to ("0") - IP forwarding should enable
/Volumes/Atlas/Code/projects/meadow/Tests/KegTests/KubernetesShadowTests.swift:121: error: -[KegTests.KubernetesShadowTests testCreateService] : XCTAssertEqual failed: ("1") is not equal to ("0") - kubeadm init should succeed:  falling back to: stable-1.34
[init] Using Kubernetes version: v1.34.11
[preflight] Running pre-flight checks
[preflight] Some fatal errors occurred:
	[ERROR FileContent--proc-sys-net-ipv4-ip_forward]: /proc/sys/net/ipv4/ip_forward contents are not set to 1
[preflight] If you know what you are doing, you can make a check non-fatal with `--ignore-preflight-errors=...`
error: error execution phase preflight: preflight checks failed
To see the stack trace of this error execute with --v=5 or higher

/Volumes/Atlas/Code/projects/meadow/Tests/KegTests/KubernetesShadowTests.swift:129: error: -[KegTests.KubernetesShadowTests testCreateService] : XCTAssertEqual failed: ("1") is not equal to ("0") - CNI install should succeed: error: error validating "STDIN": error validating data: failed to download openapi: Get "http://localhost:8080/openapi/v2?timeout=32s": dial tcp 127.0.0.1:8080: connect: connection refused; if you choose to ignore these errors, turn validation off with --validate=false

/Volumes/Atlas/Code/projects/meadow/Tests/KegTests/KubernetesShadowTests.swift:145: error: -[KegTests.KubernetesShadowTests testCreateService] : XCTAssertEqual failed: ("1") is not equal to ("0") - should extract kubeconfig
/Volumes/Atlas/Code/projects/meadow/Tests/KegTests/KubernetesShadowTests.swift:78: error: -[KegTests.KubernetesShadowTests testCreateService] : failed - Timed out waiting for node Ready after 90s
/Volumes/Atlas/Code/projects/meadow/Tests/KegTests/KubernetesShadowTests.swift:160: error: -[KegTests.KubernetesShadowTests testCreateService] : XCTAssertEqual failed: ("1") is not equal to ("0")
/Volumes/Atlas/Code/projects/meadow/Tests/KegTests/KubernetesShadowTests.swift:161: error: -[KegTests.KubernetesShadowTests testCreateService] : XCTAssertTrue failed - Node should be Ready
/Volumes/Atlas/Code/projects/meadow/Tests/KegTests/KubernetesShadowTests.swift:241: error: -[KegTests.KubernetesShadowTests testCreateService] : XCTAssertEqual failed: ("1") is not equal to ("0")
/Volumes/Atlas/Code/projects/meadow/Tests/KegTests/KubernetesShadowTests.swift:249: error: -[KegTests.KubernetesShadowTests testCreateService] : XCTAssertEqual failed: ("1") is not equal to ("0") - service expose should succeed: error: error loading config file "/Users/rahult/.keg/kubeconfig-shadow": yaml: mapping values are not allowed in this context

Test Case '-[KegTests.KubernetesShadowTests testCreateService]' failed (98.828 seconds).
Test Case '-[KegTests.KubernetesShadowTests testDeleteCluster]' started.
/Volumes/Atlas/Code/projects/meadow/Tests/KegTests/KubernetesShadowTests.swift:112: error: -[KegTests.KubernetesShadowTests testDeleteCluster] : XCTAssertEqual failed: ("1") is not equal to ("0") - IP forwarding should enable
/Volumes/Atlas/Code/projects/meadow/Tests/KegTests/KubernetesShadowTests.swift:121: error: -[KegTests.KubernetesShadowTests testDeleteCluster] : XCTAssertEqual failed: ("1") is not equal to ("0") - kubeadm init should succeed:  falling back to: stable-1.34
[init] Using Kubernetes version: v1.34.11
[preflight] Running pre-flight checks
[preflight] Some fatal errors occurred:
	[ERROR FileContent--proc-sys-net-ipv4-ip_forward]: /proc/sys/net/ipv4/ip_forward contents are not set to 1
[preflight] If you know what you are doing, you can make a check non-fatal with `--ignore-preflight-errors=...`
error: error execution phase preflight: preflight checks failed
To see the stack trace of this error execute with --v=5 or higher

/Volumes/Atlas/Code/projects/meadow/Tests/KegTests/KubernetesShadowTests.swift:129: error: -[KegTests.KubernetesShadowTests testDeleteCluster] : XCTAssertEqual failed: ("1") is not equal to ("0") - CNI install should succeed: error: error validating "STDIN": error validating data: failed to download openapi: Get "http://localhost:8080/openapi/v2?timeout=32s": dial tcp 127.0.0.1:8080: connect: connection refused; if you choose to ignore these errors, turn validation off with --validate=false

/Volumes/Atlas/Code/projects/meadow/Tests/KegTests/KubernetesShadowTests.swift:145: error: -[KegTests.KubernetesShadowTests testDeleteCluster] : XCTAssertEqual failed: ("1") is not equal to ("0") - should extract kubeconfig
/Volumes/Atlas/Code/projects/meadow/Tests/KegTests/KubernetesShadowTests.swift:78: error: -[KegTests.KubernetesShadowTests testDeleteCluster] : failed - Timed out waiting for node Ready after 90s
/Volumes/Atlas/Code/projects/meadow/Tests/KegTests/KubernetesShadowTests.swift:160: error: -[KegTests.KubernetesShadowTests testDeleteCluster] : XCTAssertEqual failed: ("1") is not equal to ("0")
/Volumes/Atlas/Code/projects/meadow/Tests/KegTests/KubernetesShadowTests.swift:161: error: -[KegTests.KubernetesShadowTests testDeleteCluster] : XCTAssertTrue failed - Node should be Ready
Test Case '-[KegTests.KubernetesShadowTests testDeleteCluster]' failed (98.732 seconds).
Test Case '-[KegTests.KubernetesShadowTests testDeployNginx]' started.
/Volumes/Atlas/Code/projects/meadow/Tests/KegTests/KubernetesShadowTests.swift:112: error: -[KegTests.KubernetesShadowTests testDeployNginx] : XCTAssertEqual failed: ("1") is not equal to ("0") - IP forwarding should enable
/Volumes/Atlas/Code/projects/meadow/Tests/KegTests/KubernetesShadowTests.swift:121: error: -[KegTests.KubernetesShadowTests testDeployNginx] : XCTAssertEqual failed: ("1") is not equal to ("0") - kubeadm init should succeed:  falling back to: stable-1.34
[init] Using Kubernetes version: v1.34.11
[preflight] Running pre-flight checks
[preflight] Some fatal errors occurred:
	[ERROR FileContent--proc-sys-net-ipv4-ip_forward]: /proc/sys/net/ipv4/ip_forward contents are not set to 1
[preflight] If you know what you are doing, you can make a check non-fatal with `--ignore-preflight-errors=...`
error: error execution phase preflight: preflight checks failed
To see the stack trace of this error execute with --v=5 or higher

/Volumes/Atlas/Code/projects/meadow/Tests/KegTests/KubernetesShadowTests.swift:129: error: -[KegTests.KubernetesShadowTests testDeployNginx] : XCTAssertEqual failed: ("1") is not equal to ("0") - CNI install should succeed: error: error validating "STDIN": error validating data: failed to download openapi: Get "http://localhost:8080/openapi/v2?timeout=32s": dial tcp 127.0.0.1:8080: connect: connection refused; if you choose to ignore these errors, turn validation off with --validate=false

/Volumes/Atlas/Code/projects/meadow/Tests/KegTests/KubernetesShadowTests.swift:145: error: -[KegTests.KubernetesShadowTests testDeployNginx] : XCTAssertEqual failed: ("1") is not equal to ("0") - should extract kubeconfig
/Volumes/Atlas/Code/projects/meadow/Tests/KegTests/KubernetesShadowTests.swift:78: error: -[KegTests.KubernetesShadowTests testDeployNginx] : failed - Timed out waiting for node Ready after 90s
/Volumes/Atlas/Code/projects/meadow/Tests/KegTests/KubernetesShadowTests.swift:160: error: -[KegTests.KubernetesShadowTests testDeployNginx] : XCTAssertEqual failed: ("1") is not equal to ("0")
/Volumes/Atlas/Code/projects/meadow/Tests/KegTests/KubernetesShadowTests.swift:161: error: -[KegTests.KubernetesShadowTests testDeployNginx] : XCTAssertTrue failed - Node should be Ready
/Volumes/Atlas/Code/projects/meadow/Tests/KegTests/KubernetesShadowTests.swift:202: error: -[KegTests.KubernetesShadowTests testDeployNginx] : XCTAssertEqual failed: ("1") is not equal to ("0") - nginx deployment should apply: error: error loading config file "/Users/rahult/.keg/kubeconfig-shadow": yaml: mapping values are not allowed in this context

/Volumes/Atlas/Code/projects/meadow/Tests/KegTests/KubernetesShadowTests.swift:78: error: -[KegTests.KubernetesShadowTests testDeployNginx] : failed - Timed out waiting for nginx pod Running after 90s
/Volumes/Atlas/Code/projects/meadow/Tests/KegTests/KubernetesShadowTests.swift:212: error: -[KegTests.KubernetesShadowTests testDeployNginx] : XCTAssertEqual failed: ("1") is not equal to ("0")
/Volumes/Atlas/Code/projects/meadow/Tests/KegTests/KubernetesShadowTests.swift:213: error: -[KegTests.KubernetesShadowTests testDeployNginx] : XCTAssertTrue failed - nginx pod should be Running
/Volumes/Atlas/Code/projects/meadow/Tests/KegTests/KubernetesShadowTests.swift:218: error: -[KegTests.KubernetesShadowTests testDeployNginx] : XCTAssertEqual failed: ("1") is not equal to ("0")
/Volumes/Atlas/Code/projects/meadow/Tests/KegTests/KubernetesShadowTests.swift:219: error: -[KegTests.KubernetesShadowTests testDeployNginx] : XCTAssertTrue failed - deployment should have 1/1 ready
/Volumes/Atlas/Code/projects/meadow/Tests/KegTests/KubernetesShadowTests.swift:224: error: -[KegTests.KubernetesShadowTests testDeployNginx] : XCTAssertEqual failed: ("1") is not equal to ("0")
Test Case '-[KegTests.KubernetesShadowTests testDeployNginx]' failed (190.416 seconds).
Test Case '-[KegTests.KubernetesShadowTests testKubectlExec]' started.
/Volumes/Atlas/Code/projects/meadow/Tests/KegTests/KubernetesShadowTests.swift:112: error: -[KegTests.KubernetesShadowTests testKubectlExec] : XCTAssertEqual failed: ("1") is not equal to ("0") - IP forwarding should enable
/Volumes/Atlas/Code/projects/meadow/Tests/KegTests/KubernetesShadowTests.swift:121: error: -[KegTests.KubernetesShadowTests testKubectlExec] : XCTAssertEqual failed: ("1") is not equal to ("0") - kubeadm init should succeed:  falling back to: stable-1.34
[init] Using Kubernetes version: v1.34.11
[preflight] Running pre-flight checks
[preflight] Some fatal errors occurred:
	[ERROR FileContent--proc-sys-net-ipv4-ip_forward]: /proc/sys/net/ipv4/ip_forward contents are not set to 1
[preflight] If you know what you are doing, you can make a check non-fatal with `--ignore-preflight-errors=...`
error: error execution phase preflight: preflight checks failed
To see the stack trace of this error execute with --v=5 or higher

/Volumes/Atlas/Code/projects/meadow/Tests/KegTests/KubernetesShadowTests.swift:129: error: -[KegTests.KubernetesShadowTests testKubectlExec] : XCTAssertEqual failed: ("1") is not equal to ("0") - CNI install should succeed: error: error validating "STDIN": error validating data: failed to download openapi: Get "http://localhost:8080/openapi/v2?timeout=32s": dial tcp 127.0.0.1:8080: connect: connection refused; if you choose to ignore these errors, turn validation off with --validate=false

/Volumes/Atlas/Code/projects/meadow/Tests/KegTests/KubernetesShadowTests.swift:145: error: -[KegTests.KubernetesShadowTests testKubectlExec] : XCTAssertEqual failed: ("1") is not equal to ("0") - should extract kubeconfig
/Volumes/Atlas/Code/projects/meadow/Tests/KegTests/KubernetesShadowTests.swift:78: error: -[KegTests.KubernetesShadowTests testKubectlExec] : failed - Timed out waiting for node Ready after 90s
/Volumes/Atlas/Code/projects/meadow/Tests/KegTests/KubernetesShadowTests.swift:160: error: -[KegTests.KubernetesShadowTests testKubectlExec] : XCTAssertEqual failed: ("1") is not equal to ("0")
/Volumes/Atlas/Code/projects/meadow/Tests/KegTests/KubernetesShadowTests.swift:161: error: -[KegTests.KubernetesShadowTests testKubectlExec] : XCTAssertTrue failed - Node should be Ready
/Volumes/Atlas/Code/projects/meadow/Tests/KegTests/KubernetesShadowTests.swift:464: error: -[KegTests.KubernetesShadowTests testKubectlExec] : XCTAssertEqual failed: ("1") is not equal to ("0") - nginx deployment should create: error: error loading config file "/Users/rahult/.keg/kubeconfig-shadow": yaml: mapping values are not allowed in this context

/Volumes/Atlas/Code/projects/meadow/Tests/KegTests/KubernetesShadowTests.swift:78: error: -[KegTests.KubernetesShadowTests testKubectlExec] : failed - Timed out waiting for nginx pod Running after 90s
/Volumes/Atlas/Code/projects/meadow/Tests/KegTests/KubernetesShadowTests.swift:477: error: -[KegTests.KubernetesShadowTests testKubectlExec] : XCTAssertEqual failed: ("1") is not equal to ("0") - should get pod name
/Volumes/Atlas/Code/projects/meadow/Tests/KegTests/KubernetesShadowTests.swift:486: error: -[KegTests.KubernetesShadowTests testKubectlExec] : XCTAssertEqual failed: ("1") is not equal to ("0") - kubectl exec should succeed
/Volumes/Atlas/Code/projects/meadow/Tests/KegTests/KubernetesShadowTests.swift:487: error: -[KegTests.KubernetesShadowTests testKubectlExec] : XCTAssertTrue failed - nginx.conf should contain worker_processes, got: error: error loading config file "/Users/rahult/.keg/kubeconfig-shadow": yaml: mapping values are not allowed in this context

Test Case '-[KegTests.KubernetesShadowTests testKubectlExec]' failed (190.135 seconds).
Test Case '-[KegTests.KubernetesShadowTests testKubectlLogs]' started.
/Volumes/Atlas/Code/projects/meadow/Tests/KegTests/KubernetesShadowTests.swift:112: error: -[KegTests.KubernetesShadowTests testKubectlLogs] : XCTAssertEqual failed: ("1") is not equal to ("0") - IP forwarding should enable
/Volumes/Atlas/Code/projects/meadow/Tests/KegTests/KubernetesShadowTests.swift:121: error: -[KegTests.KubernetesShadowTests testKubectlLogs] : XCTAssertEqual failed: ("1") is not equal to ("0") - kubeadm init should succeed:  falling back to: stable-1.34
[init] Using Kubernetes version: v1.34.11
[preflight] Running pre-flight checks
[preflight] Some fatal errors occurred:
	[ERROR FileContent--proc-sys-net-ipv4-ip_forward]: /proc/sys/net/ipv4/ip_forward contents are not set to 1
[preflight] If you know what you are doing, you can make a check non-fatal with `--ignore-preflight-errors=...`
error: error execution phase preflight: preflight checks failed
To see the stack trace of this error execute with --v=5 or higher

/Volumes/Atlas/Code/projects/meadow/Tests/KegTests/KubernetesShadowTests.swift:129: error: -[KegTests.KubernetesShadowTests testKubectlLogs] : XCTAssertEqual failed: ("1") is not equal to ("0") - CNI install should succeed: error: error validating "STDIN": error validating data: failed to download openapi: Get "http://localhost:8080/openapi/v2?timeout=32s": dial tcp 127.0.0.1:8080: connect: connection refused; if you choose to ignore these errors, turn validation off with --validate=false

/Volumes/Atlas/Code/projects/meadow/Tests/KegTests/KubernetesShadowTests.swift:145: error: -[KegTests.KubernetesShadowTests testKubectlLogs] : XCTAssertEqual failed: ("1") is not equal to ("0") - should extract kubeconfig
/Volumes/Atlas/Code/projects/meadow/Tests/KegTests/KubernetesShadowTests.swift:78: error: -[KegTests.KubernetesShadowTests testKubectlLogs] : failed - Timed out waiting for node Ready after 90s
/Volumes/Atlas/Code/projects/meadow/Tests/KegTests/KubernetesShadowTests.swift:160: error: -[KegTests.KubernetesShadowTests testKubectlLogs] : XCTAssertEqual failed: ("1") is not equal to ("0")
/Volumes/Atlas/Code/projects/meadow/Tests/KegTests/KubernetesShadowTests.swift:161: error: -[KegTests.KubernetesShadowTests testKubectlLogs] : XCTAssertTrue failed - Node should be Ready
/Volumes/Atlas/Code/projects/meadow/Tests/KegTests/KubernetesShadowTests.swift:507: error: -[KegTests.KubernetesShadowTests testKubectlLogs] : XCTAssertEqual failed: ("1") is not equal to ("0") - nginx deployment should create: error: error loading config file "/Users/rahult/.keg/kubeconfig-shadow": yaml: mapping values are not allowed in this context

/Volumes/Atlas/Code/projects/meadow/Tests/KegTests/KubernetesShadowTests.swift:78: error: -[KegTests.KubernetesShadowTests testKubectlLogs] : failed - Timed out waiting for nginx pod Running after 90s
/Volumes/Atlas/Code/projects/meadow/Tests/KegTests/KubernetesShadowTests.swift:520: error: -[KegTests.KubernetesShadowTests testKubectlLogs] : XCTAssertEqual failed: ("1") is not equal to ("0") - should get pod name
/Volumes/Atlas/Code/projects/meadow/Tests/KegTests/KubernetesShadowTests.swift:527: error: -[KegTests.KubernetesShadowTests testKubectlLogs] : XCTAssertEqual failed: ("1") is not equal to ("0") - kubectl logs should succeed
/Volumes/Atlas/Code/projects/meadow/Tests/KegTests/KubernetesShadowTests.swift:536: error: -[KegTests.KubernetesShadowTests testKubectlLogs] : XCTAssertEqual failed: ("1") is not equal to ("0")
Test Case '-[KegTests.KubernetesShadowTests testKubectlLogs]' failed (190.506 seconds).
Test Case '-[KegTests.KubernetesShadowTests testRollingUpdate]' started.
/Volumes/Atlas/Code/projects/meadow/Tests/KegTests/KubernetesShadowTests.swift:112: error: -[KegTests.KubernetesShadowTests testRollingUpdate] : XCTAssertEqual failed: ("1") is not equal to ("0") - IP forwarding should enable
/Volumes/Atlas/Code/projects/meadow/Tests/KegTests/KubernetesShadowTests.swift:121: error: -[KegTests.KubernetesShadowTests testRollingUpdate] : XCTAssertEqual failed: ("1") is not equal to ("0") - kubeadm init should succeed:  falling back to: stable-1.34
[init] Using Kubernetes version: v1.34.11
[preflight] Running pre-flight checks
[preflight] Some fatal errors occurred:
	[ERROR FileContent--proc-sys-net-ipv4-ip_forward]: /proc/sys/net/ipv4/ip_forward contents are not set to 1
[preflight] If you know what you are doing, you can make a check non-fatal with `--ignore-preflight-errors=...`
error: error execution phase preflight: preflight checks failed
To see the stack trace of this error execute with --v=5 or higher

/Volumes/Atlas/Code/projects/meadow/Tests/KegTests/KubernetesShadowTests.swift:129: error: -[KegTests.KubernetesShadowTests testRollingUpdate] : XCTAssertEqual failed: ("1") is not equal to ("0") - CNI install should succeed: error: error validating "STDIN": error validating data: failed to download openapi: Get "http://localhost:8080/openapi/v2?timeout=32s": dial tcp 127.0.0.1:8080: connect: connection refused; if you choose to ignore these errors, turn validation off with --validate=false

/Volumes/Atlas/Code/projects/meadow/Tests/KegTests/KubernetesShadowTests.swift:145: error: -[KegTests.KubernetesShadowTests testRollingUpdate] : XCTAssertEqual failed: ("1") is not equal to ("0") - should extract kubeconfig
/Volumes/Atlas/Code/projects/meadow/Tests/KegTests/KubernetesShadowTests.swift:78: error: -[KegTests.KubernetesShadowTests testRollingUpdate] : failed - Timed out waiting for node Ready after 90s
/Volumes/Atlas/Code/projects/meadow/Tests/KegTests/KubernetesShadowTests.swift:160: error: -[KegTests.KubernetesShadowTests testRollingUpdate] : XCTAssertEqual failed: ("1") is not equal to ("0")
/Volumes/Atlas/Code/projects/meadow/Tests/KegTests/KubernetesShadowTests.swift:161: error: -[KegTests.KubernetesShadowTests testRollingUpdate] : XCTAssertTrue failed - Node should be Ready
/Volumes/Atlas/Code/projects/meadow/Tests/KegTests/KubernetesShadowTests.swift:415: error: -[KegTests.KubernetesShadowTests testRollingUpdate] : XCTAssertEqual failed: ("1") is not equal to ("0") - nginx:1.25 deployment should create: error: error loading config file "/Users/rahult/.keg/kubeconfig-shadow": yaml: mapping values are not allowed in this context

🔄 Creating K8s cluster 'keg-k8s-shadow'...
✅ K8s node container started
✅ IP forwarding enabled
🔄 Running kubeadm init (this takes ~60s)...
✅ kubeadm initialized
✅ CNI installed
✅ Control-plane taint removed (code: 1)
✅ Kubeconfig saved to /Users/rahult/.keg/kubeconfig-shadow
  ⏳ Waiting for node Ready... (5s)
  ⏳ Waiting for node Ready... (10s)
  ⏳ Waiting for node Ready... (15s)
  ⏳ Waiting for node Ready... (20s)
  ⏳ Waiting for node Ready... (25s)
  ⏳ Waiting for node Ready... (30s)
  ⏳ Waiting for node Ready... (35s)
  ⏳ Waiting for node Ready... (40s)
  ⏳ Waiting for node Ready... (45s)
  ⏳ Waiting for node Ready... (50s)
  ⏳ Waiting for node Ready... (55s)
  ⏳ Waiting for node Ready... (61s)
  ⏳ Waiting for node Ready... (66s)
  ⏳ Waiting for node Ready... (71s)
  ⏳ Waiting for node Ready... (76s)
  ⏳ Waiting for node Ready... (81s)
  ⏳ Waiting for node Ready... (86s)
  ⏳ Waiting for node Ready... (91s)
✅ K8s cluster ready:
error: error loading config file "/Users/rahult/.keg/kubeconfig-shadow": yaml: mapping values are not allowed in this context

✅ Cluster info:
error: error loading config file "/Users/rahult/.keg/kubeconfig-shadow": yaml: mapping values are not allowed in this context

✅ Namespaces:
error: error loading config file "/Users/rahult/.keg/kubeconfig-shadow": yaml: mapping values are not allowed in this context

✅ System pods:
error: error loading config file "/Users/rahult/.keg/kubeconfig-shadow": yaml: mapping values are not allowed in this context

🔄 Creating K8s cluster 'keg-k8s-shadow'...
✅ K8s node container started
✅ IP forwarding enabled
🔄 Running kubeadm init (this takes ~60s)...
✅ kubeadm initialized
✅ CNI installed
✅ Control-plane taint removed (code: 1)
✅ Kubeconfig saved to /Users/rahult/.keg/kubeconfig-shadow
  ⏳ Waiting for node Ready... (5s)
  ⏳ Waiting for node Ready... (10s)
  ⏳ Waiting for node Ready... (15s)
  ⏳ Waiting for node Ready... (20s)
  ⏳ Waiting for node Ready... (25s)
  ⏳ Waiting for node Ready... (30s)
  ⏳ Waiting for node Ready... (35s)
  ⏳ Waiting for node Ready... (40s)
  ⏳ Waiting for node Ready... (45s)
  ⏳ Waiting for node Ready... (50s)
  ⏳ Waiting for node Ready... (55s)
  ⏳ Waiting for node Ready... (61s)
  ⏳ Waiting for node Ready... (66s)
  ⏳ Waiting for node Ready... (71s)
  ⏳ Waiting for node Ready... (76s)
  ⏳ Waiting for node Ready... (81s)
  ⏳ Waiting for node Ready... (86s)
  ⏳ Waiting for node Ready... (91s)
✅ K8s cluster ready:
error: error loading config file "/Users/rahult/.keg/kubeconfig-shadow": yaml: mapping values are not allowed in this context

🔄 Testing ConfigMap...
✅ ConfigMap created
✅ ConfigMap data verified
✅ ConfigMap cleaned up
🔄 Creating K8s cluster 'keg-k8s-shadow'...
✅ K8s node container started
✅ IP forwarding enabled
🔄 Running kubeadm init (this takes ~60s)...
✅ kubeadm initialized
✅ CNI installed
✅ Control-plane taint removed (code: 1)
✅ Kubeconfig saved to /Users/rahult/.keg/kubeconfig-shadow
  ⏳ Waiting for node Ready... (5s)
  ⏳ Waiting for node Ready... (10s)
  ⏳ Waiting for node Ready... (15s)
  ⏳ Waiting for node Ready... (20s)
  ⏳ Waiting for node Ready... (25s)
  ⏳ Waiting for node Ready... (30s)
  ⏳ Waiting for node Ready... (35s)
  ⏳ Waiting for node Ready... (40s)
  ⏳ Waiting for node Ready... (45s)
  ⏳ Waiting for node Ready... (50s)
  ⏳ Waiting for node Ready... (56s)
  ⏳ Waiting for node Ready... (61s)
  ⏳ Waiting for node Ready... (66s)
  ⏳ Waiting for node Ready... (71s)
  ⏳ Waiting for node Ready... (76s)
  ⏳ Waiting for node Ready... (81s)
  ⏳ Waiting for node Ready... (86s)
  ⏳ Waiting for node Ready... (91s)
✅ K8s cluster ready:
error: error loading config file "/Users/rahult/.keg/kubeconfig-shadow": yaml: mapping values are not allowed in this context

🔄 Creating K8s cluster 'keg-k8s-shadow'...
✅ K8s node container started
✅ IP forwarding enabled
🔄 Running kubeadm init (this takes ~60s)...
✅ kubeadm initialized
✅ CNI installed
✅ Control-plane taint removed (code: 1)
✅ Kubeconfig saved to /Users/rahult/.keg/kubeconfig-shadow
  ⏳ Waiting for node Ready... (5s)
  ⏳ Waiting for node Ready... (10s)
  ⏳ Waiting for node Ready... (15s)
  ⏳ Waiting for node Ready... (20s)
  ⏳ Waiting for node Ready... (25s)
  ⏳ Waiting for node Ready... (30s)
  ⏳ Waiting for node Ready... (35s)
  ⏳ Waiting for node Ready... (40s)
  ⏳ Waiting for node Ready... (45s)
  ⏳ Waiting for node Ready... (50s)
  ⏳ Waiting for node Ready... (55s)
  ⏳ Waiting for node Ready... (60s)
  ⏳ Waiting for node Ready... (66s)
  ⏳ Waiting for node Ready... (71s)
  ⏳ Waiting for node Ready... (76s)
  ⏳ Waiting for node Ready... (81s)
  ⏳ Waiting for node Ready... (86s)
  ⏳ Waiting for node Ready... (91s)
✅ K8s cluster ready:
error: error loading config file "/Users/rahult/.keg/kubeconfig-shadow": yaml: mapping values are not allowed in this context

🔄 Creating secret...
✅ Secret created
✅ Secret verified:
error: error loading config file "/Users/rahult/.keg/kubeconfig-shadow": yaml: mapping values are not allowed in this context

✅ Secret data verified
✅ Secret cleaned up
🔄 Creating K8s cluster 'keg-k8s-shadow'...
✅ K8s node container started
✅ IP forwarding enabled
🔄 Running kubeadm init (this takes ~60s)...
✅ kubeadm initialized
✅ CNI installed
✅ Control-plane taint removed (code: 1)
✅ Kubeconfig saved to /Users/rahult/.keg/kubeconfig-shadow
  ⏳ Waiting for node Ready... (5s)
  ⏳ Waiting for node Ready... (10s)
  ⏳ Waiting for node Ready... (15s)
  ⏳ Waiting for node Ready... (20s)
  ⏳ Waiting for node Ready... (25s)
  ⏳ Waiting for node Ready... (30s)
  ⏳ Waiting for node Ready... (35s)
  ⏳ Waiting for node Ready... (40s)
  ⏳ Waiting for node Ready... (45s)
  ⏳ Waiting for node Ready... (50s)
  ⏳ Waiting for node Ready... (55s)
  ⏳ Waiting for node Ready... (60s)
  ⏳ Waiting for node Ready... (65s)
  ⏳ Waiting for node Ready... (70s)
  ⏳ Waiting for node Ready... (76s)
  ⏳ Waiting for node Ready... (81s)
  ⏳ Waiting for node Ready... (86s)
  ⏳ Waiting for node Ready... (91s)
✅ K8s cluster ready:
error: error loading config file "/Users/rahult/.keg/kubeconfig-shadow": yaml: mapping values are not allowed in this context

🔄 Creating nginx + service...
✅ Service created
✅ Service verified:
error: error loading config file "/Users/rahult/.keg/kubeconfig-shadow": yaml: mapping values are not allowed in this context

✅ Service and deployment cleaned up
🔄 Creating K8s cluster 'keg-k8s-shadow'...
✅ K8s node container started
✅ IP forwarding enabled
🔄 Running kubeadm init (this takes ~60s)...
✅ kubeadm initialized
✅ CNI installed
✅ Control-plane taint removed (code: 1)
✅ Kubeconfig saved to /Users/rahult/.keg/kubeconfig-shadow
  ⏳ Waiting for node Ready... (5s)
  ⏳ Waiting for node Ready... (10s)
  ⏳ Waiting for node Ready... (15s)
  ⏳ Waiting for node Ready... (20s)
  ⏳ Waiting for node Ready... (25s)
  ⏳ Waiting for node Ready... (30s)
  ⏳ Waiting for node Ready... (35s)
  ⏳ Waiting for node Ready... (40s)
  ⏳ Waiting for node Ready... (45s)
  ⏳ Waiting for node Ready... (50s)
  ⏳ Waiting for node Ready... (55s)
  ⏳ Waiting for node Ready... (60s)
  ⏳ Waiting for node Ready... (65s)
  ⏳ Waiting for node Ready... (70s)
  ⏳ Waiting for node Ready... (76s)
  ⏳ Waiting for node Ready... (81s)
  ⏳ Waiting for node Ready... (86s)
  ⏳ Waiting for node Ready... (91s)
✅ K8s cluster ready:
error: error loading config file "/Users/rahult/.keg/kubeconfig-shadow": yaml: mapping values are not allowed in this context

🔄 Deleting cluster...
✅ Cluster deleted and verified gone
✅ Kubeconfig cleaned up
🔄 Creating K8s cluster 'keg-k8s-shadow'...
✅ K8s node container started
✅ IP forwarding enabled
🔄 Running kubeadm init (this takes ~60s)...
✅ kubeadm initialized
✅ CNI installed
✅ Control-plane taint removed (code: 1)
✅ Kubeconfig saved to /Users/rahult/.keg/kubeconfig-shadow
  ⏳ Waiting for node Ready... (5s)
  ⏳ Waiting for node Ready... (10s)
  ⏳ Waiting for node Ready... (15s)
  ⏳ Waiting for node Ready... (20s)
  ⏳ Waiting for node Ready... (25s)
  ⏳ Waiting for node Ready... (30s)
  ⏳ Waiting for node Ready... (35s)
  ⏳ Waiting for node Ready... (40s)
  ⏳ Waiting for node Ready... (45s)
  ⏳ Waiting for node Ready... (50s)
  ⏳ Waiting for node Ready... (55s)
  ⏳ Waiting for node Ready... (61s)
  ⏳ Waiting for node Ready... (66s)
  ⏳ Waiting for node Ready... (71s)
  ⏳ Waiting for node Ready... (76s)
  ⏳ Waiting for node Ready... (81s)
  ⏳ Waiting for node Ready... (86s)
  ⏳ Waiting for node Ready... (91s)
✅ K8s cluster ready:
error: error loading config file "/Users/rahult/.keg/kubeconfig-shadow": yaml: mapping values are not allowed in this context

🔄 Deploying nginx...
✅ nginx deployment applied
  ⏳ Waiting for nginx pod Running... (5s)
  ⏳ Waiting for nginx pod Running... (10s)
  ⏳ Waiting for nginx pod Running... (15s)
  ⏳ Waiting for nginx pod Running... (20s)
  ⏳ Waiting for nginx pod Running... (25s)
  ⏳ Waiting for nginx pod Running... (30s)
  ⏳ Waiting for nginx pod Running... (35s)
  ⏳ Waiting for nginx pod Running... (40s)
  ⏳ Waiting for nginx pod Running... (45s)
  ⏳ Waiting for nginx pod Running... (50s)
  ⏳ Waiting for nginx pod Running... (55s)
  ⏳ Waiting for nginx pod Running... (60s)
  ⏳ Waiting for nginx pod Running... (65s)
  ⏳ Waiting for nginx pod Running... (71s)
  ⏳ Waiting for nginx pod Running... (76s)
  ⏳ Waiting for nginx pod Running... (81s)
  ⏳ Waiting for nginx pod Running... (86s)
  ⏳ Waiting for nginx pod Running... (91s)
✅ nginx pod running:
error: error loading config file "/Users/rahult/.keg/kubeconfig-shadow": yaml: mapping values are not allowed in this context

✅ Deployment ready:
error: error loading config file "/Users/rahult/.keg/kubeconfig-shadow": yaml: mapping values are not allowed in this context

✅ nginx deployment deleted
🔄 Creating K8s cluster 'keg-k8s-shadow'...
✅ K8s node container started
✅ IP forwarding enabled
🔄 Running kubeadm init (this takes ~60s)...
✅ kubeadm initialized
✅ CNI installed
✅ Control-plane taint removed (code: 1)
✅ Kubeconfig saved to /Users/rahult/.keg/kubeconfig-shadow
  ⏳ Waiting for node Ready... (5s)
  ⏳ Waiting for node Ready... (10s)
  ⏳ Waiting for node Ready... (15s)
  ⏳ Waiting for node Ready... (20s)
  ⏳ Waiting for node Ready... (25s)
  ⏳ Waiting for node Ready... (30s)
  ⏳ Waiting for node Ready... (35s)
  ⏳ Waiting for node Ready... (40s)
  ⏳ Waiting for node Ready... (45s)
  ⏳ Waiting for node Ready... (50s)
  ⏳ Waiting for node Ready... (55s)
  ⏳ Waiting for node Ready... (60s)
  ⏳ Waiting for node Ready... (65s)
  ⏳ Waiting for node Ready... (70s)
  ⏳ Waiting for node Ready... (76s)
  ⏳ Waiting for node Ready... (81s)
  ⏳ Waiting for node Ready... (86s)
  ⏳ Waiting for node Ready... (91s)
✅ K8s cluster ready:
error: error loading config file "/Users/rahult/.keg/kubeconfig-shadow": yaml: mapping values are not allowed in this context

🔄 Deploying nginx for exec test...
  ⏳ Waiting for nginx pod Running... (5s)
  ⏳ Waiting for nginx pod Running... (10s)
  ⏳ Waiting for nginx pod Running... (15s)
  ⏳ Waiting for nginx pod Running... (20s)
  ⏳ Waiting for nginx pod Running... (25s)
  ⏳ Waiting for nginx pod Running... (30s)
  ⏳ Waiting for nginx pod Running... (35s)
  ⏳ Waiting for nginx pod Running... (40s)
  ⏳ Waiting for nginx pod Running... (45s)
  ⏳ Waiting for nginx pod Running... (50s)
  ⏳ Waiting for nginx pod Running... (55s)
  ⏳ Waiting for nginx pod Running... (60s)
  ⏳ Waiting for nginx pod Running... (65s)
  ⏳ Waiting for nginx pod Running... (70s)
  ⏳ Waiting for nginx pod Running... (76s)
  ⏳ Waiting for nginx pod Running... (81s)
  ⏳ Waiting for nginx pod Running... (86s)
  ⏳ Waiting for nginx pod Running... (91s)
✅ Pod name: error: error loading config file "/Users/rahult/.keg/kubeconfig-shadow": yaml: mapping values are not allowed in this context
✅ Exec output contains worker_processes
✅ Exec test deployment cleaned up
🔄 Creating K8s cluster 'keg-k8s-shadow'...
✅ K8s node container started
✅ IP forwarding enabled
🔄 Running kubeadm init (this takes ~60s)...
✅ kubeadm initialized
✅ CNI installed
✅ Control-plane taint removed (code: 1)
✅ Kubeconfig saved to /Users/rahult/.keg/kubeconfig-shadow
  ⏳ Waiting for node Ready... (5s)
  ⏳ Waiting for node Ready... (10s)
  ⏳ Waiting for node Ready... (15s)
  ⏳ Waiting for node Ready... (20s)
  ⏳ Waiting for node Ready... (25s)
  ⏳ Waiting for node Ready... (30s)
  ⏳ Waiting for node Ready... (35s)
  ⏳ Waiting for node Ready... (40s)
  ⏳ Waiting for node Ready... (45s)
  ⏳ Waiting for node Ready... (50s)
  ⏳ Waiting for node Ready... (55s)
  ⏳ Waiting for node Ready... (60s)
  ⏳ Waiting for node Ready... (65s)
  ⏳ Waiting for node Ready... (70s)
  ⏳ Waiting for node Ready... (76s)
  ⏳ Waiting for node Ready... (81s)
  ⏳ Waiting for node Ready... (86s)
  ⏳ Waiting for node Ready... (91s)
✅ K8s cluster ready:
error: error loading config file "/Users/rahult/.keg/kubeconfig-shadow": yaml: mapping values are not allowed in this context

🔄 Deploying nginx for logs test...
  ⏳ Waiting for nginx pod Running... (5s)
  ⏳ Waiting for nginx pod Running... (10s)
  ⏳ Waiting for nginx pod Running... (15s)
  ⏳ Waiting for nginx pod Running... (20s)
  ⏳ Waiting for nginx pod Running... (25s)
  ⏳ Waiting for nginx pod Running... (30s)
  ⏳ Waiting for nginx pod Running... (35s)
  ⏳ Waiting for nginx pod Running... (40s)
  ⏳ Waiting for nginx pod Running... (45s)
  ⏳ Waiting for nginx pod Running... (50s)
  ⏳ Waiting for nginx pod Running... (56s)
  ⏳ Waiting for nginx pod Running... (61s)
  ⏳ Waiting for nginx pod Running... (66s)
  ⏳ Waiting for nginx pod Running... (71s)
  ⏳ Waiting for nginx pod Running... (76s)
  ⏳ Waiting for nginx pod Running... (81s)
  ⏳ Waiting for nginx pod Running... (86s)
  ⏳ Waiting for nginx pod Running... (91s)
✅ Pod name: error: error loading config file "/Users/rahult/.keg/kubeconfig-shadow": yaml: mapping values are not allowed in this context
✅ Logs fetched successfully (126 bytes)
  Log preview: error: error loading config file "/Users/rahult/.keg/kubeconfig-shadow": yaml: mapping values are not allowed in this context

✅ Logs test deployment cleaned up
🔄 Creating K8s cluster 'keg-k8s-shadow'...
✅ K8s node container started
✅ IP forwarding enabled
🔄 Running kubeadm init (this takes ~60s)...
✅ kubeadm initialized
✅ CNI installed
✅ Control-plane taint removed (code: 1)
✅ Kubeconfig saved to /Users/rahult/.keg/kubeconfig-shadow
  ⏳ Waiting for node Ready... (5s)
  ⏳ Waiting for node Ready... (10s)
  ⏳ Waiting for node Ready... (15s)
  ⏳ Waiting for node Ready... (20s)
  ⏳ Waiting for node Ready... (25s)
  ⏳ Waiting for node Ready... (30s)
  ⏳ Waiting for node Ready... (35s)
  ⏳ Waiting for node Ready... (40s)
  ⏳ Waiting for node Ready... (45s)
  ⏳ Waiting for node Ready... (50s)
  ⏳ Waiting for node Ready... (55s)
  ⏳ Waiting for node Ready... (60s)
  ⏳ Waiting for node Ready... (65s)
  ⏳ Waiting for node Ready... (71s)
  ⏳ Waiting for node Ready... (76s)
  ⏳ Waiting for node Ready... (81s)
  ⏳ Waiting for node Ready... (86s)
  ⏳ Waiting for node Ready... (91s)
✅ K8s cluster ready:
error: error loading config file "/Users/rahult/.keg/kubeconfig-shadow": yaml: mapping values are not allowed in this context

🔄 Deploying nginx:1.25 for rolling update test...
  ⏳ Waiting for nginx:1.25 pod Running... (5s)
  ⏳ Waiting for nginx:1.25 pod Running... (10s)
  ⏳ Waiting for nginx:1.25 pod Running... (15s)
  ⏳ Waiting for nginx:1.25 pod Running... (20s)
  ⏳ Waiting for nginx:1.25 pod Running... (25s)
  ⏳ Waiting for nginx:1.25 pod Running... (30s)
  ⏳ Waiting for nginx:1.25 pod Running... (35s)
  ⏳ Waiting for nginx:1.25 pod Running... (40s)
  ⏳ Waiting for nginx:1.25 pod Running... (45s)
  ⏳ Waiting for nginx:1.25 pod Running/Volumes/Atlas/Code/projects/meadow/Tests/KegTests/KubernetesShadowTests.swift:78: error: -[KegTests.KubernetesShadowTests testRollingUpdate] : failed - Timed out waiting for nginx:1.25 pod Running after 90s
/Volumes/Atlas/Code/projects/meadow/Tests/KegTests/KubernetesShadowTests.swift:429: error: -[KegTests.KubernetesShadowTests testRollingUpdate] : XCTAssertEqual failed: ("1") is not equal to ("0") - set image should succeed: error: error loading config file "/Users/rahult/.keg/kubeconfig-shadow": yaml: mapping values are not allowed in this context

/Volumes/Atlas/Code/projects/meadow/Tests/KegTests/KubernetesShadowTests.swift:78: error: -[KegTests.KubernetesShadowTests testRollingUpdate] : failed - Timed out waiting for rollout complete after 120s
/Volumes/Atlas/Code/projects/meadow/Tests/KegTests/KubernetesShadowTests.swift:443: error: -[KegTests.KubernetesShadowTests testRollingUpdate] : XCTAssertEqual failed: ("1") is not equal to ("0")
/Volumes/Atlas/Code/projects/meadow/Tests/KegTests/KubernetesShadowTests.swift:444: error: -[KegTests.KubernetesShadowTests testRollingUpdate] : XCTAssertTrue failed - Image should be nginx:latest, got: error: error loading config file "/Users/rahult/.keg/kubeconfig-shadow": yaml: mapping values are not allowed in this context

/Volumes/Atlas/Code/projects/meadow/Tests/KegTests/KubernetesShadowTests.swift:449: error: -[KegTests.KubernetesShadowTests testRollingUpdate] : XCTAssertEqual failed: ("1") is not equal to ("0")
Test Case '-[KegTests.KubernetesShadowTests testRollingUpdate]' failed (313.013 seconds).
Test Case '-[KegTests.KubernetesShadowTests testRunJob]' started.
/Volumes/Atlas/Code/projects/meadow/Tests/KegTests/KubernetesShadowTests.swift:112: error: -[KegTests.KubernetesShadowTests testRunJob] : XCTAssertEqual failed: ("1") is not equal to ("0") - IP forwarding should enable
/Volumes/Atlas/Code/projects/meadow/Tests/KegTests/KubernetesShadowTests.swift:121: error: -[KegTests.KubernetesShadowTests testRunJob] : XCTAssertEqual failed: ("1") is not equal to ("0") - kubeadm init should succeed:  falling back to: stable-1.34
[init] Using Kubernetes version: v1.34.11
[preflight] Running pre-flight checks
[preflight] Some fatal errors occurred:
	[ERROR FileContent--proc-sys-net-ipv4-ip_forward]: /proc/sys/net/ipv4/ip_forward contents are not set to 1
[preflight] If you know what you are doing, you can make a check non-fatal with `--ignore-preflight-errors=...`
error: error execution phase preflight: preflight checks failed
To see the stack trace of this error execute with --v=5 or higher

/Volumes/Atlas/Code/projects/meadow/Tests/KegTests/KubernetesShadowTests.swift:129: error: -[KegTests.KubernetesShadowTests testRunJob] : XCTAssertEqual failed: ("1") is not equal to ("0") - CNI install should succeed: error: error validating "STDIN": error validating data: failed to download openapi: Get "http://localhost:8080/openapi/v2?timeout=32s": dial tcp 127.0.0.1:8080: connect: connection refused; if you choose to ignore these errors, turn validation off with --validate=false

/Volumes/Atlas/Code/projects/meadow/Tests/KegTests/KubernetesShadowTests.swift:145: error: -[KegTests.KubernetesShadowTests testRunJob] : XCTAssertEqual failed: ("1") is not equal to ("0") - should extract kubeconfig
/Volumes/Atlas/Code/projects/meadow/Tests/KegTests/KubernetesShadowTests.swift:78: error: -[KegTests.KubernetesShadowTests testRunJob] : failed - Timed out waiting for node Ready after 90s
/Volumes/Atlas/Code/projects/meadow/Tests/KegTests/KubernetesShadowTests.swift:160: error: -[KegTests.KubernetesShadowTests testRunJob] : XCTAssertEqual failed: ("1") is not equal to ("0")
/Volumes/Atlas/Code/projects/meadow/Tests/KegTests/KubernetesShadowTests.swift:161: error: -[KegTests.KubernetesShadowTests testRunJob] : XCTAssertTrue failed - Node should be Ready
/Volumes/Atlas/Code/projects/meadow/Tests/KegTests/KubernetesShadowTests.swift:276: error: -[KegTests.KubernetesShadowTests testRunJob] : XCTAssertEqual failed: ("1") is not equal to ("0") - Job creation should succeed: error: error loading config file "/Users/rahult/.keg/kubeconfig-shadow": yaml: mapping values are not allowed in this context

/Volumes/Atlas/Code/projects/meadow/Tests/KegTests/KubernetesShadowTests.swift:78: error: -[KegTests.KubernetesShadowTests testRunJob] : failed - Timed out waiting for job Complete after 60s
/Volumes/Atlas/Code/projects/meadow/Tests/KegTests/KubernetesShadowTests.swift:286: error: -[KegTests.KubernetesShadowTests testRunJob] : XCTAssertEqual failed: ("1") is not equal to ("0")
/Volumes/Atlas/Code/projects/meadow/Tests/KegTests/KubernetesShadowTests.swift:287: error: -[KegTests.KubernetesShadowTests testRunJob] : XCTAssertTrue failed - Job should complete
/Volumes/Atlas/Code/projects/meadow/Tests/KegTests/KubernetesShadowTests.swift:292: error: -[KegTests.KubernetesShadowTests testRunJob] : XCTAssertEqual failed: ("1") is not equal to ("0")
/Volumes/Atlas/Code/projects/meadow/Tests/KegTests/KubernetesShadowTests.swift:293: error: -[KegTests.KubernetesShadowTests testRunJob] : XCTAssertTrue failed - Job output should contain our message
Test Case '-[KegTests.KubernetesShadowTests testRunJob]' failed (160.326 seconds).
Test Case '-[KegTests.KubernetesShadowTests testScaleDeployment]' started.
/Volumes/Atlas/Code/projects/meadow/Tests/KegTests/KubernetesShadowTests.swift:112: error: -[KegTests.KubernetesShadowTests testScaleDeployment] : XCTAssertEqual failed: ("1") is not equal to ("0") - IP forwarding should enable
/Volumes/Atlas/Code/projects/meadow/Tests/KegTests/KubernetesShadowTests.swift:121: error: -[KegTests.KubernetesShadowTests testScaleDeployment] : XCTAssertEqual failed: ("1") is not equal to ("0") - kubeadm init should succeed:  falling back to: stable-1.34
[init] Using Kubernetes version: v1.34.11
[preflight] Running pre-flight checks
[preflight] Some fatal errors occurred:
	[ERROR FileContent--proc-sys-net-ipv4-ip_forward]: /proc/sys/net/ipv4/ip_forward contents are not set to 1
[preflight] If you know what you are doing, you can make a check non-fatal with `--ignore-preflight-errors=...`
error: error execution phase preflight: preflight checks failed
To see the stack trace of this error execute with --v=5 or higher

/Volumes/Atlas/Code/projects/meadow/Tests/KegTests/KubernetesShadowTests.swift:129: error: -[KegTests.KubernetesShadowTests testScaleDeployment] : XCTAssertEqual failed: ("1") is not equal to ("0") - CNI install should succeed: error: error validating "STDIN": error validating data: failed to download openapi: Get "http://localhost:8080/openapi/v2?timeout=32s": dial tcp 127.0.0.1:8080: connect: connection refused; if you choose to ignore these errors, turn validation off with --validate=false

/Volumes/Atlas/Code/projects/meadow/Tests/KegTests/KubernetesShadowTests.swift:145: error: -[KegTests.KubernetesShadowTests testScaleDeployment] : XCTAssertEqual failed: ("1") is not equal to ("0") - should extract kubeconfig
/Volumes/Atlas/Code/projects/meadow/Tests/KegTests/KubernetesShadowTests.swift:78: error: -[KegTests.KubernetesShadowTests testScaleDeployment] : failed - Timed out waiting for node Ready after 90s
/Volumes/Atlas/Code/projects/meadow/Tests/KegTests/KubernetesShadowTests.swift:160: error: -[KegTests.KubernetesShadowTests testScaleDeployment] : XCTAssertEqual failed: ("1") is not equal to ("0")
/Volumes/Atlas/Code/projects/meadow/Tests/KegTests/KubernetesShadowTests.swift:161: error: -[KegTests.KubernetesShadowTests testScaleDeployment] : XCTAssertTrue failed - Node should be Ready
/Volumes/Atlas/Code/projects/meadow/Tests/KegTests/KubernetesShadowTests.swift:364: error: -[KegTests.KubernetesShadowTests testScaleDeployment] : XCTAssertEqual failed: ("1") is not equal to ("0") - nginx deployment should create: error: error loading config file "/Users/rahult/.keg/kubeconfig-shadow": yaml: mapping values are not allowed in this context

/Volumes/Atlas/Code/projects/meadow/Tests/KegTests/KubernetesShadowTests.swift:78: error: -[KegTests.KubernetesShadowTests testScaleDeployment] : failed - Timed out waiting for nginx pod Running after 90s
/Volumes/Atlas/Code/projects/meadow/Tests/KegTests/KubernetesShadowTests.swift:376: error: -[KegTests.KubernetesShadowTests testScaleDeployment] : XCTAssertEqual failed: ("1") is not equal to ("0") - scale should succeed: error: error loading config file "/Users/rahult/.keg/kubeconfig-shadow": yaml: mapping values are not allowed in this context

/Volumes/Atlas/Code/projects/meadow/Tests/KegTests/KubernetesShadowTests.swift:78: error: -[KegTests.KubernetesShadowTests testScaleDeployment] : failed - Timed out waiting for 3 pods Running after 120s
/Volumes/Atlas/Code/projects/meadow/Tests/KegTests/KubernetesShadowTests.swift:387: error: -[KegTests.KubernetesShadowTests testScaleDeployment] : XCTAssertEqual failed: ("1") is not equal to ("0")
/Volumes/Atlas/Code/projects/meadow/Tests/KegTests/KubernetesShadowTests.swift:389: error: -[KegTests.KubernetesShadowTests testScaleDeployment] : XCTAssertGreaterThanOrEqual failed: ("0") is less than ("3") - Should have 3 Running pods, got 0
/Volumes/Atlas/Code/projects/meadow/Tests/KegTests/KubernetesShadowTests.swift:394: error: -[KegTests.KubernetesShadowTests testScaleDeployment] : XCTAssertEqual failed: ("1") is not equal to ("0")
/Volumes/Atlas/Code/projects/meadow/Tests/KegTests/KubernetesShadowTests.swift:395: error: -[KegTests.KubernetesShadowTests testScaleDeployment] : XCTAssertTrue failed - deployment should have 3/3 ready
/Volumes/Atlas/Code/projects/meadow/Tests/KegTests/KubernetesShadowTests.swift:400: error: -[KegTests.KubernetesShadowTests testScaleDeployment] : XCTAssertEqual failed: ("1") is not equal to ("0")
Test Case '-[KegTests.KubernetesShadowTests testScaleDeployment]' failed (313.002 seconds).
Test Suite 'KubernetesShadowTests' failed at 2026-09-17 01:24:45.134.
	 Executed 12 tests, with 137 failures (0 unexpected) in 1951.709 (1951.714) seconds
Test Suite 'KegTests.xctest' failed at 2026-09-17 01:24:45.134.
	 Executed 12 tests, with 137 failures (0 unexpected) in 1951.709 (1951.715) seconds
Test Suite 'Selected tests' failed at 2026-09-17 01:24:45.134.
	 Executed 12 tests, with 137 failures (0 unexpected) in 1951.709 (1951.720) seconds
... (50s)
  ⏳ Waiting for nginx:1.25 pod Running... (56s)
  ⏳ Waiting for nginx:1.25 pod Running... (61s)
  ⏳ Waiting for nginx:1.25 pod Running... (66s)
  ⏳ Waiting for nginx:1.25 pod Running... (71s)
  ⏳ Waiting for nginx:1.25 pod Running... (76s)
  ⏳ Waiting for nginx:1.25 pod Running... (81s)
  ⏳ Waiting for nginx:1.25 pod Running... (86s)
  ⏳ Waiting for nginx:1.25 pod Running... (91s)
✅ nginx:1.25 running
🔄 Updating image to nginx:latest...
  ⏳ Waiting for rollout complete... (5s)
  ⏳ Waiting for rollout complete... (10s)
  ⏳ Waiting for rollout complete... (15s)
  ⏳ Waiting for rollout complete... (20s)
  ⏳ Waiting for rollout complete... (25s)
  ⏳ Waiting for rollout complete... (30s)
  ⏳ Waiting for rollout complete... (35s)
  ⏳ Waiting for rollout complete... (40s)
  ⏳ Waiting for rollout complete... (45s)
  ⏳ Waiting for rollout complete... (51s)
  ⏳ Waiting for rollout complete... (56s)
  ⏳ Waiting for rollout complete... (61s)
  ⏳ Waiting for rollout complete... (66s)
  ⏳ Waiting for rollout complete... (71s)
  ⏳ Waiting for rollout complete... (76s)
  ⏳ Waiting for rollout complete... (81s)
  ⏳ Waiting for rollout complete... (86s)
  ⏳ Waiting for rollout complete... (91s)
  ⏳ Waiting for rollout complete... (96s)
  ⏳ Waiting for rollout complete... (101s)
  ⏳ Waiting for rollout complete... (106s)
  ⏳ Waiting for rollout complete... (112s)
  ⏳ Waiting for rollout complete... (117s)
  ⏳ Waiting for rollout complete... (122s)
✅ Rollout complete
✅ Image verified: error: error loading config file "/Users/rahult/.keg/kubeconfig-shadow": yaml: mapping values are not allowed in this context

✅ Rolling update deployment cleaned up
🔄 Creating K8s cluster 'keg-k8s-shadow'...
✅ K8s node container started
✅ IP forwarding enabled
🔄 Running kubeadm init (this takes ~60s)...
✅ kubeadm initialized
✅ CNI installed
✅ Control-plane taint removed (code: 1)
✅ Kubeconfig saved to /Users/rahult/.keg/kubeconfig-shadow
  ⏳ Waiting for node Ready... (5s)
  ⏳ Waiting for node Ready... (10s)
  ⏳ Waiting for node Ready... (15s)
  ⏳ Waiting for node Ready... (20s)
  ⏳ Waiting for node Ready... (25s)
  ⏳ Waiting for node Ready... (30s)
  ⏳ Waiting for node Ready... (35s)
  ⏳ Waiting for node Ready... (40s)
  ⏳ Waiting for node Ready... (45s)
  ⏳ Waiting for node Ready... (50s)
  ⏳ Waiting for node Ready... (56s)
  ⏳ Waiting for node Ready... (61s)
  ⏳ Waiting for node Ready... (66s)
  ⏳ Waiting for node Ready... (71s)
  ⏳ Waiting for node Ready... (76s)
  ⏳ Waiting for node Ready... (81s)
  ⏳ Waiting for node Ready... (86s)
  ⏳ Waiting for node Ready... (91s)
✅ K8s cluster ready:
error: error loading config file "/Users/rahult/.keg/kubeconfig-shadow": yaml: mapping values are not allowed in this context

🔄 Running K8s job...
✅ Job created
  ⏳ Waiting for job Complete... (5s)
  ⏳ Waiting for job Complete... (10s)
  ⏳ Waiting for job Complete... (15s)
  ⏳ Waiting for job Complete... (20s)
  ⏳ Waiting for job Complete... (25s)
  ⏳ Waiting for job Complete... (30s)
  ⏳ Waiting for job Complete... (35s)
  ⏳ Waiting for job Complete... (40s)
  ⏳ Waiting for job Complete... (45s)
  ⏳ Waiting for job Complete... (50s)
  ⏳ Waiting for job Complete... (55s)
  ⏳ Waiting for job Complete... (61s)
✅ Job completed:
error: error loading config file "/Users/rahult/.keg/kubeconfig-shadow": yaml: mapping values are not allowed in this context

✅ Job output: error: error loading config file "/Users/rahult/.keg/kubeconfig-shadow": yaml: mapping values are not allowed in this context
✅ Job cleaned up
🔄 Creating K8s cluster 'keg-k8s-shadow'...
✅ K8s node container started
✅ IP forwarding enabled
🔄 Running kubeadm init (this takes ~60s)...
✅ kubeadm initialized
✅ CNI installed
✅ Control-plane taint removed (code: 1)
✅ Kubeconfig saved to /Users/rahult/.keg/kubeconfig-shadow
  ⏳ Waiting for node Ready... (5s)
  ⏳ Waiting for node Ready... (10s)
  ⏳ Waiting for node Ready... (15s)
  ⏳ Waiting for node Ready... (20s)
  ⏳ Waiting for node Ready... (25s)
  ⏳ Waiting for node Ready... (30s)
  ⏳ Waiting for node Ready... (35s)
  ⏳ Waiting for node Ready... (40s)
  ⏳ Waiting for node Ready... (45s)
  ⏳ Waiting for node Ready... (51s)
  ⏳ Waiting for node Ready... (56s)
  ⏳ Waiting for node Ready... (61s)
  ⏳ Waiting for node Ready... (66s)
  ⏳ Waiting for node Ready... (71s)
  ⏳ Waiting for node Ready... (76s)
  ⏳ Waiting for node Ready... (81s)
  ⏳ Waiting for node Ready... (86s)
  ⏳ Waiting for node Ready... (91s)
✅ K8s cluster ready:
error: error loading config file "/Users/rahult/.keg/kubeconfig-shadow": yaml: mapping values are not allowed in this context

🔄 Deploying nginx for scale test...
  ⏳ Waiting for nginx pod Running... (5s)
  ⏳ Waiting for nginx pod Running... (10s)
  ⏳ Waiting for nginx pod Running... (15s)
  ⏳ Waiting for nginx pod Running... (20s)
  ⏳ Waiting for nginx pod Running... (25s)
  ⏳ Waiting for nginx pod Running... (30s)
  ⏳ Waiting for nginx pod Running... (35s)
  ⏳ Waiting for nginx pod Running... (40s)
  ⏳ Waiting for nginx pod Running... (45s)
  ⏳ Waiting for nginx pod Running... (50s)
  ⏳ Waiting for nginx pod Running... (56s)
  ⏳ Waiting for nginx pod Running... (61s)
  ⏳ Waiting for nginx pod Running... (66s)
  ⏳ Waiting for nginx pod Running... (71s)
  ⏳ Waiting for nginx pod Running... (76s)
  ⏳ Waiting for nginx pod Running... (81s)
  ⏳ Waiting for nginx pod Running... (86s)
  ⏳ Waiting for nginx pod Running... (91s)
🔄 Scaling to 3 replicas...
  ⏳ Waiting for 3 pods Running... (5s)
  ⏳ Waiting for 3 pods Running... (10s)
  ⏳ Waiting for 3 pods Running... (15s)
  ⏳ Waiting for 3 pods Running... (20s)
  ⏳ Waiting for 3 pods Running... (25s)
  ⏳ Waiting for 3 pods Running... (30s)
  ⏳ Waiting for 3 pods Running... (35s)
  ⏳ Waiting for 3 pods Running... (40s)
  ⏳ Waiting for 3 pods Running... (45s)
  ⏳ Waiting for 3 pods Running... (50s)
  ⏳ Waiting for 3 pods Running... (55s)
  ⏳ Waiting for 3 pods Running... (61s)
  ⏳ Waiting for 3 pods Running... (66s)
  ⏳ Waiting for 3 pods Running... (71s)
  ⏳ Waiting for 3 pods Running... (76s)
  ⏳ Waiting for 3 pods Running... (81s)
  ⏳ Waiting for 3 pods Running... (86s)
  ⏳ Waiting for 3 pods Running... (91s)
  ⏳ Waiting for 3 pods Running... (96s)
  ⏳ Waiting for 3 pods Running... (101s)
  ⏳ Waiting for 3 pods Running... (106s)
  ⏳ Waiting for 3 pods Running... (111s)
  ⏳ Waiting for 3 pods Running... (116s)
  ⏳ Waiting for 3 pods Running... (122s)
✅ Scaled to 3 replicas:
error: error loading config file "/Users/rahult/.keg/kubeconfig-shadow": yaml: mapping values are not allowed in this context

✅ Deployment ready:
error: error loading config file "/Users/rahult/.keg/kubeconfig-shadow": yaml: mapping values are not allowed in this context

✅ Scaled deployment cleaned up
objc[43443]: Class _TtC12UniversalHID17FluidTouchGesture is implemented in both /System/Library/PrivateFrameworks/UniversalHID.framework/Versions/A/UniversalHID (0x2dbf4b208) and /Library/Developer/PrivateFrameworks/CoreDevice.framework/Versions/A/Frameworks/UniversalHID.framework/Versions/A/UniversalHID (0x1073965a0). This may cause spurious casting failures and mysterious crashes. One of the duplicates must be removed or renamed.
objc[43443]: Class _TtC12UniversalHID23FluidTouchGestureFilter is implemented in both /System/Library/PrivateFrameworks/UniversalHID.framework/Versions/A/UniversalHID (0x2dbf4b2a8) and /Library/Developer/PrivateFrameworks/CoreDevice.framework/Versions/A/Frameworks/UniversalHID.framework/Versions/A/UniversalHID (0x1073966a0). This may cause spurious casting failures and mysterious crashes. One of the duplicates must be removed or renamed.
objc[43443]: Class _TtC12UniversalHID15RotationGesture is implemented in both /System/Library/PrivateFrameworks/UniversalHID.framework/Versions/A/UniversalHID (0x2dbf4b428) and /Library/Developer/PrivateFrameworks/CoreDevice.framework/Versions/A/Frameworks/UniversalHID.framework/Versions/A/UniversalHID (0x107396860). This may cause spurious casting failures and mysterious crashes. One of the duplicates must be removed or renamed.
objc[43443]: Class _TtC12UniversalHID20GameControllerFilter is implemented in both /System/Library/PrivateFrameworks/UniversalHID.framework/Versions/A/UniversalHID (0x2dbf4b4c8) and /Library/Developer/PrivateFrameworks/CoreDevice.framework/Versions/A/Frameworks/UniversalHID.framework/Versions/A/UniversalHID (0x107396a40). This may cause spurious casting failures and mysterious crashes. One of the duplicates must be removed or renamed.
objc[43443]: Class _TtC12UniversalHID18TranslationGesture is implemented in both /System/Library/PrivateFrameworks/UniversalHID.framework/Versions/A/UniversalHID (0x2dbf4b5a8) and /Library/Developer/PrivateFrameworks/CoreDevice.framework/Versions/A/Frameworks/UniversalHID.framework/Versions/A/UniversalHID (0x107396b68). This may cause spurious casting failures and mysterious crashes. One of the duplicates must be removed or renamed.
objc[43443]: Class _TtC12UniversalHID21HIDVirtualServicePool is implemented in both /System/Library/PrivateFrameworks/UniversalHID.framework/Versions/A/UniversalHID (0x2dbf4b648) and /Library/Developer/PrivateFrameworks/CoreDevice.framework/Versions/A/Frameworks/UniversalHID.framework/Versions/A/UniversalHID (0x107396f88). This may cause spurious casting failures and mysterious crashes. One of the duplicates must be removed or renamed.
objc[43443]: Class _TtCC12UniversalHID21HIDVirtualServicePool14VirtualService is implemented in both /System/Library/PrivateFrameworks/UniversalHID.framework/Versions/A/UniversalHID (0x2dbf4b710) and /Library/Developer/PrivateFrameworks/CoreDevice.framework/Versions/A/Frameworks/UniversalHID.framework/Versions/A/UniversalHID (0x107397088). This may cause spurious casting failures and mysterious crashes. One of the duplicates must be removed or renamed.
objc[43443]: Class _TtC12UniversalHID14PointerGesture is implemented in both /System/Library/PrivateFrameworks/UniversalHID.framework/Versions/A/UniversalHID (0x2dbf4b870) and /Library/Developer/PrivateFrameworks/CoreDevice.framework/Versions/A/Frameworks/UniversalHID.framework/Versions/A/UniversalHID (0x1073975d8). This may cause spurious casting failures and mysterious crashes. One of the duplicates must be removed or renamed.
objc[43443]: Class _TtC12UniversalHID12ScaleGesture is implemented in both /System/Library/PrivateFrameworks/UniversalHID.framework/Versions/A/UniversalHID (0x2dbf4b9d8) and /Library/Developer/PrivateFrameworks/CoreDevice.framework/Versions/A/Frameworks/UniversalHID.framework/Versions/A/UniversalHID (0x107397798). This may cause spurious casting failures and mysterious crashes. One of the duplicates must be removed or renamed.
objc[43443]: Class _TtC12UniversalHID16DigitizerGesture is implemented in both /System/Library/PrivateFrameworks/UniversalHID.framework/Versions/A/UniversalHID (0x2dbf4be00) and /Library/Developer/PrivateFrameworks/CoreDevice.framework/Versions/A/Frameworks/UniversalHID.framework/Versions/A/UniversalHID (0x107397ec8). This may cause spurious casting failures and mysterious crashes. One of the duplicates must be removed or renamed.
objc[43443]: Class _TtC12UniversalHID12ScrollFilter is implemented in both /System/Library/PrivateFrameworks/UniversalHID.framework/Versions/A/UniversalHID (0x2dbf4bec8) and /Library/Developer/PrivateFrameworks/CoreDevice.framework/Versions/A/Frameworks/UniversalHID.framework/Versions/A/UniversalHID (0x107398120). This may cause spurious casting failures and mysterious crashes. One of the duplicates must be removed or renamed.
objc[43443]: Class _TtC12UniversalHID14KeyboardFilter is implemented in both /System/Library/PrivateFrameworks/UniversalHID.framework/Versions/A/UniversalHID (0x2dbf4bf80) and /Library/Developer/PrivateFrameworks/CoreDevice.framework/Versions/A/Frameworks/UniversalHID.framework/Versions/A/UniversalHID (0x107398230). This may cause spurious casting failures and mysterious crashes. One of the duplicates must be removed or renamed.
objc[43443]: Class _TtC12UniversalHID27TouchSensitiveButtonGesture is implemented in both /System/Library/PrivateFrameworks/UniversalHID.framework/Versions/A/UniversalHID (0x2dbf4c090) and /Library/Developer/PrivateFrameworks/CoreDevice.framework/Versions/A/Frameworks/UniversalHID.framework/Versions/A/UniversalHID (0x1073983d0). This may cause spurious casting failures and mysterious crashes. One of the duplicates must be removed or renamed.
objc[43443]: Class _TtC12UniversalHID21GameControllerGesture is implemented in both /System/Library/PrivateFrameworks/UniversalHID.framework/Versions/A/UniversalHID (0x2dbf4c1f0) and /Library/Developer/PrivateFrameworks/CoreDevice.framework/Versions/A/Frameworks/UniversalHID.framework/Versions/A/UniversalHID (0x1073987b0). This may cause spurious casting failures and mysterious crashes. One of the duplicates must be removed or renamed.
objc[43443]: Class _TtC12UniversalHID17HIDVirtualService is implemented in both /System/Library/PrivateFrameworks/UniversalHID.framework/Versions/A/UniversalHID (0x2dbf4c298) and /Library/Developer/PrivateFrameworks/CoreDevice.framework/Versions/A/Frameworks/UniversalHID.framework/Versions/A/UniversalHID (0x107398970). This may cause spurious casting failures and mysterious crashes. One of the duplicates must be removed or renamed.
objc[43443]: Class _TtC12UniversalHIDP33_77F0A1D2252CCF67CE1080DE620C755225HIDVirtualServiceDelegate is implemented in both /System/Library/PrivateFrameworks/UniversalHID.framework/Versions/A/UniversalHID (0x2dbf4b090) and /Library/Developer/PrivateFrameworks/CoreDevice.framework/Versions/A/Frameworks/UniversalHID.framework/Versions/A/UniversalHID (0x107396360). This may cause spurious casting failures and mysterious crashes. One of the duplicates must be removed or renamed.
objc[43443]: Class _TtC12UniversalHID22AbsolutePointerGesture is implemented in both /System/Library/PrivateFrameworks/UniversalHID.framework/Versions/A/UniversalHID (0x2dbf4c3e0) and /Library/Developer/PrivateFrameworks/CoreDevice.framework/Versions/A/Frameworks/UniversalHID.framework/Versions/A/UniversalHID (0x107398c70). This may cause spurious casting failures and mysterious crashes. One of the duplicates must be removed or renamed.
objc[43443]: Class _TtC12UniversalHID13PointerFilter is implemented in both /System/Library/PrivateFrameworks/UniversalHID.framework/Versions/A/UniversalHID (0x2dbf4c4a8) and /Library/Developer/PrivateFrameworks/CoreDevice.framework/Versions/A/Frameworks/UniversalHID.framework/Versions/A/UniversalHID (0x107398d80). This may cause spurious casting failures and mysterious crashes. One of the duplicates must be removed or renamed.
objc[43443]: Class _TtC12UniversalHID22NavigationSwipeGesture is implemented in both /System/Library/PrivateFrameworks/UniversalHID.framework/Versions/A/UniversalHID (0x2dbf4c5a0) and /Library/Developer/PrivateFrameworks/CoreDevice.framework/Versions/A/Frameworks/UniversalHID.framework/Versions/A/UniversalHID (0x107398e78). This may cause spurious casting failures and mysterious crashes. One of the duplicates must be removed or renamed.
objc[43443]: Class _TtC12UniversalHID21GenericGestureGesture is implemented in both /System/Library/PrivateFrameworks/UniversalHID.framework/Versions/A/UniversalHID (0x2dbf4c668) and /Library/Developer/PrivateFrameworks/CoreDevice.framework/Versions/A/Frameworks/UniversalHID.framework/Versions/A/UniversalHID (0x1073993c0). This may cause spurious casting failures and mysterious crashes. One of the duplicates must be removed or renamed.
objc[43443]: Class _TtC12UniversalHID16DockSwipeGesture is implemented in both /System/Library/PrivateFrameworks/UniversalHID.framework/Versions/A/UniversalHID (0x2dbf4c728) and /Library/Developer/PrivateFrameworks/CoreDevice.framework/Versions/A/Frameworks/UniversalHID.framework/Versions/A/UniversalHID (0x107399480). This may cause spurious casting failures and mysterious crashes. One of the duplicates must be removed or renamed.
objc[43443]: Class _TtC12UniversalHID19HIDReportDispatcher is implemented in both /System/Library/PrivateFrameworks/UniversalHID.framework/Versions/A/UniversalHID (0x2dbf4c7c8) and /Library/Developer/PrivateFrameworks/CoreDevice.framework/Versions/A/Frameworks/UniversalHID.framework/Versions/A/UniversalHID (0x107399580). This may cause spurious casting failures and mysterious crashes. One of the duplicates must be removed or renamed.
objc[43443]: Class _TtC12UniversalHID26TouchSensitiveButtonFilter is implemented in both /System/Library/PrivateFrameworks/UniversalHID.framework/Versions/A/UniversalHID (0x2dbf4c888) and /Library/Developer/PrivateFrameworks/CoreDevice.framework/Versions/A/Frameworks/UniversalHID.framework/Versions/A/UniversalHID (0x1073996f0). This may cause spurious casting failures and mysterious crashes. One of the duplicates must be removed or renamed.
objc[43443]: Class _TtC12UniversalHID15DigitizerFilter is implemented in both /System/Library/PrivateFrameworks/UniversalHID.framework/Versions/A/UniversalHID (0x2dbf4c940) and /Library/Developer/PrivateFrameworks/CoreDevice.framework/Versions/A/Frameworks/UniversalHID.framework/Versions/A/UniversalHID (0x1073997b8). This may cause spurious casting failures and mysterious crashes. One of the duplicates must be removed or renamed.
objc[43443]: Class _TtC12UniversalHID13ScrollGesture is implemented in both /System/Library/PrivateFrameworks/UniversalHID.framework/Versions/A/UniversalHID (0x2dbf4ca38) and /Library/Developer/PrivateFrameworks/CoreDevice.framework/Versions/A/Frameworks/UniversalHID.framework/Versions/A/UniversalHID (0x107399938). This may cause spurious casting failures and mysterious crashes. One of the duplicates must be removed or renamed.
objc[43443]: Class _TtC12UniversalHID17ZoomToggleGesture is implemented in both /System/Library/PrivateFrameworks/UniversalHID.framework/Versions/A/UniversalHID (0x2dbf4cb18) and /Library/Developer/PrivateFrameworks/CoreDevice.framework/Versions/A/Frameworks/UniversalHID.framework/Versions/A/UniversalHID (0x107399a28). This may cause spurious casting failures and mysterious crashes. One of the duplicates must be removed or renamed.
Note: Some test targets reported failures:
  - KegTests (XCTest)
