Building for debugging...
[Computing dependencies]
[Constructing description]
[Pre-planning 1 / 3715]
[Planning 1 / 3715]
[Planning 2799 / 3715]
[Planning deferred tasks]
[Constructing 1319 / 9140]
[Starting]
[11 / 284] ConcurrencyHelpers
[15 / 43] Keg
[29 / 59]
[31 / 59] Keg
/Volumes/Atlas/Code/projects/meadow/Sources/Keg/Views/Dashboard/SystemDashboardDetailView.swift:12:17: warning: cannot use generic class 'Autoconnect' in a property declaration member of a type not marked '@_implementationOnly'; 'Combine' was not imported by this file
 10 | 
 11 |     private let metricsService = SystemMetrics.shared
 12 |     private let timer = Timer.publish(every: 2, on: .main, in: .common).autoconnect()
    |                 `- warning: cannot use generic class 'Autoconnect' in a property declaration member of a type not marked '@_implementationOnly'; 'Combine' was not imported by this file
 13 | 
 14 |     var body: some View {

Combine.Publishers.Autoconnect:2:14: note: generic class declared here
 1 | enum Publishers {
 2 | public class Autoconnect<Upstream> : Publisher where Upstream : ConnectablePublisher {
   |              `- note: generic class declared here
 3 |     public typealias Output = Upstream.Output
 4 |     public typealias Failure = Upstream.Failure

/Volumes/Atlas/Code/projects/meadow/Sources/Keg/Views/Dashboard/SystemDashboardDetailView.swift:12:17: warning: cannot use enum 'Publishers' in a property declaration member of a type not marked '@_implementationOnly'; 'Combine' was not imported by this file
 10 | 
 11 |     private let metricsService = SystemMetrics.shared
 12 |     private let timer = Timer.publish(every: 2, on: .main, in: .common).autoconnect()
    |                 `- warning: cannot use enum 'Publishers' in a property declaration member of a type not marked '@_implementationOnly'; 'Combine' was not imported by this file
 13 | 
 14 |     var body: some View {

Combine.Publishers:2:13: note: enum declared here
1 | @available(macOS 10.15, iOS 13.0, tvOS 13.0, watchOS 6.0, *)
2 | public enum Publishers {
  |             `- note: enum declared here
3 | }
[36 / 58] Keg
[38 / 49] KegTests-product
error: SwiftCompile normal arm64 /Volumes/Atlas/Code/projects/meadow/Tests/KegTests/DevContainerSpecTests.swift failed with a nonzero exit code. Command line:     cd /Volumes/Atlas/Code/projects
    builtin-SwiftPerFileCompile DevContainerSpecTests.swift
/Volumes/Atlas/Code/projects/meadow/Tests/KegTests/DevContainerSpecTests.swift:8:51: error: cannot find type 'DevContainerSpec' in scope
 6 | final class DevContainerSpecTests: XCTestCase {
 7 | 
 8 |     private func decode(_ json: String) throws -> DevContainerSpec {
   |                                                   `- error: cannot find type 'DevContainerSpec' in scope
 9 |         let data = try XCTUnwrap(json.data(using: .utf8))
10 |         return try JSONDecoder().decode(DevContainerSpec.self, from: data)

/Volumes/Atlas/Code/projects/meadow/Tests/KegTests/DevContainerSpecTests.swift:10:41: error: cannot find 'DevContainerSpec' in scope
 8 |     private func decode(_ json: String) throws -> DevContainerSpec {
 9 |         let data = try XCTUnwrap(json.data(using: .utf8))
10 |         return try JSONDecoder().decode(DevContainerSpec.self, from: data)
   |                                         `- error: cannot find 'DevContainerSpec' in scope
11 |     }
12 | 

/Volumes/Atlas/Code/projects/meadow/Tests/KegTests/DevContainerSpecTests.swift:68:49: error: cannot find 'DevContainerSpec' in scope
66 |         """)
67 |         let data = try JSONEncoder().encode(spec)
68 |         let reparsed = try JSONDecoder().decode(DevContainerSpec.self, from: data)
   |                                                 `- error: cannot find 'DevContainerSpec' in scope
69 |         XCTAssertEqual(reparsed.forwardPorts?.first?.portNumber, 8080)
70 |         XCTAssertEqual(reparsed.forwardPorts?.last?.portNumber, 9090)

/Volumes/Atlas/Code/projects/meadow/Tests/KegTests/DevContainerSpecTests.swift:68:42: error: failed to produce diagnostic for expression; please submit a bug report (https://swift.org/contributing/#reporting-bugs)
66 |         """)
67 |         let data = try JSONEncoder().encode(spec)
68 |         let reparsed = try JSONDecoder().decode(DevContainerSpec.self, from: data)
   |                                          `- error: failed to produce diagnostic for expression; please submit a bug report (https://swift.org/contributing/#reporting-bugs)
69 |         XCTAssertEqual(reparsed.forwardPorts?.first?.portNumber, 8080)
70 |         XCTAssertEqual(reparsed.forwardPorts?.last?.portNumber, 9090)
Failed frontend command:
/Applications/Xcode.app/Contents/Developer/Toolchains/XcodeDefault.xctoolchain/usr/bin/swift-frontend -frontend -c /Volumes/Atlas/Code/projects/meadow/.build/out/Intermediates.noindex/Keg.build/Debug/KegTests-p.build/DerivedSources/test_entry_point.swift /Volumes/Atlas/Code/projects/meadow/Tests/KegTests/AgentAutomationSupportTests.swift /Volumes/Atlas/Code/projects/meadow/Tests/KegTests/AgentIssuePresentationTests.swift /Volumes/Atlas/Code/projects/meadow/Tests/KegTests/AgentUseCaseTests.swift /Volumes/Atlas/Code/projects/meadow/Tests/KegTests/ComposeShadowTests.swift /Volumes/Atlas/Code/projects/meadow/Tests/KegTests/ComposeStackTests.swift /Volumes/Atlas/Code/projects/meadow/Tests/KegTests/DavitParityTests.swift -primary-file /Volumes/Atlas/Code/projects/meadow/Tests/KegTests/DevContainerSpecTests.swift /Volumes/Atlas/Code/projects/meadow/Tests/KegTests/DockerAPIContractTests.swift /Volumes/Atlas/Code/projects/meadow/Tests/KegTests/DockerCLIBenchmarkTests.swift /Volumes/Atlas/Code/projects/meadow/Tests/KegTests/DockerShadowTests.swift /Volumes/Atlas/Code/projects/meadow/Tests/KegTests/FormValidationTests.swift /Volumes/Atlas/Code/projects/meadow/Tests/KegTests/KegE2ETests.swift /Volumes/Atlas/Code/projects/meadow/Tests/KegTests/KubernetesShadowTests.swift /Volumes/Atlas/Code/projects/meadow/Tests/KegTests/MCPToolDiscoveryTests.swift /Volumes/Atlas/Code/projects/meadow/Tests/KegTests/ManagedAgentsIntegrationTests.swift /Volumes/Atlas/Code/projects/meadow/Tests/KegTests/ManagedAgentsSpec.swift /Volumes/Atlas/Code/projects/meadow/Tests/KegTests/ModelRouterTests.swift /Volumes/Atlas/Code/projects/meadow/Tests/KegTests/PerformanceBenchmarkTests.swift /Volumes/Atlas/Code/projects/meadow/Tests/KegTests/ReliabilityTests.swift /Volumes/Atlas/Code/projects/meadow/Tests/KegTests/SessionInboxTests.swift /Volumes/Atlas/Code/projects/meadow/Tests/KegTests/SessionListVMTests.swift /Volumes/Atlas/Code/projects/meadow/Tests/KegTests/SoftwareUpdatePolicyTests.swift /Volumes/Atlas/Code/projects/meadow/Tests/KegTests/SupaglueClientTests.swift /Volumes/Atlas/Code/projects/meadow/Tests/KegTests/ToolExecutorTests.swift -emit-dependencies-path /Volumes/Atlas/Code/projects/meadow/.build/out/Intermediates.noindex/Keg.build/Debug/KegTests-p.build/Objects-normal/arm64/DevContainerSpecTests.d -emit-const-values-path /Volumes/Atlas/Code/projects/meadow/.build/out/Intermediates.noindex/Keg.build/Debug/KegTests-p.build/Objects-normal/arm64/DevContainerSpecTests.swiftconstvalues -emit-reference-dependencies-path /Volumes/Atlas/Code/projects/meadow/.build/out/Intermediates.noindex/Keg.build/Debug/KegTests-p.build/Objects-normal/arm64/DevContainerSpecTests.swiftdeps -serialize-diagnostics-path /Volumes/Atlas/Code/projects/meadow/.build/out/Intermediates.noindex/Keg.build/Debug/KegTests-p.build/Objects-normal/arm64/DevContainerSpecTests.dia -target arm64-apple-macos26.0 -module-can-import-version Testing 2084 0 -module-can-import-version XCTest 25228 0 -disable-cross-import-overlay-search -swift-module-cross-import Testing /Applications/Xcode.app/Contents/Developer/Platforms/MacOSX.platform/Developer/Library/Frameworks/Testing.framework/Modules/Testing.swiftcrossimport/AppKit.swiftoverlay -swift-module-cross-import Testing /Applications/Xcode.app/Contents/Developer/Platforms/MacOSX.platform/Developer/Library/Frameworks/Testing.framework/Modules/Testing.swiftcrossimport/CoreGraphics.swiftoverlay -swift-module-cross-import Testing /Applications/Xcode.app/Contents/Developer/Platforms/MacOSX.platform/Developer/Library/Frameworks/Testing.framework/Modules/Testing.swiftcrossimport/CoreImage.swiftoverlay -swift-module-cross-import Testing /Applications/Xcode.app/Contents/Developer/Platforms/MacOSX.platform/Developer/Library/Frameworks/Testing.framework/Modules/Testing.swiftcrossimport/CoreTransferable.swiftoverlay -swift-module-cross-import Testing /Applications/Xcode.app/Contents/Developer/Platforms/MacOSX.platform/Developer/Library/Frameworks/Testing.framework/Modules/Testing.swiftcrossimport/Foundation.swiftoverlay -load-resolved-plugin /Applications/Xcode.app/Contents/Developer/Platforms/MacOSX.platform/Developer/usr/lib/swift/host/plugins/libFoundationMacros.dylib\#/Applications/Xcode.app/Contents/Developer/Platforms/MacOSX.platform/Developer/usr/bin/swift-plugin-server\#FoundationMacros -load-resolved-plugin /Applications/Xcode.app/Contents/Developer/Platforms/MacOSX.platform/Developer/usr/lib/swift/host/plugins/libObservationMacros.dylib\#/Applications/Xcode.app/Contents/Developer/Platforms/MacOSX.platform/Developer/usr/bin/swift-plugin-server\#ObservationMacros -load-resolved-plugin /Applications/Xcode.app/Contents/Developer/Platforms/MacOSX.platform/Developer/usr/lib/swift/host/plugins/libPreviewsMacros.dylib\#/Applications/Xcode.app/Contents/Developer/Platforms/MacOSX.platform/Developer/usr/bin/swift-plugin-server\#PreviewsMacros -load-resolved-plugin /Applications/Xcode.app/Contents/Developer/Platforms/MacOSX.platform/Developer/usr/lib/swift/host/plugins/libSwiftMacros.dylib\#/Applications/Xcode.app/Contents/Developer/Platforms/MacOSX.platform/Developer/usr/bin/swift-plugin-server\#SwiftMacros -load-resolved-plugin /Applications/Xcode.app/Contents/Developer/Platforms/MacOSX.platform/Developer/usr/lib/swift/host/plugins/libSwiftUIMacros.dylib\#/Applications/Xcode.app/Contents/Developer/Platforms/MacOSX.platform/Developer/usr/bin/swift-plugin-server\#SwiftUIMacros -load-resolved-plugin /Applications/Xcode.app/Contents/Developer/Toolchains/XcodeDefault.xctoolchain/usr/lib/swift/host/plugins/testing/libTestingMacros.dylib\#\#TestingMacros -disable-implicit-swift-modules -Xcc -fno-implicit-modules -Xcc -fno-implicit-module-maps -explicit-swift-module-map-file /Volumes/Atlas/Code/projects/meadow/.build/out/Intermediates.noindex/Keg.build/Debug/KegTests-p.build/Objects-normal/arm64/KegTests-dependencies-1.json -Xllvm -aarch64-use-tbi -enable-objc-interop -stack-check -sdk /Applications/Xcode.app/Contents/Developer/Platforms/MacOSX.platform/Developer/SDKs/MacOSX27.0.sdk -I /Volumes/Atlas/Code/projects/meadow/.build/out/Products/Debug -Isystem /Applications/Xcode.app/Contents/Developer/Platforms/MacOSX.platform/Developer/usr/lib -F /Volumes/Atlas/Code/projects/meadow/.build/out/Products/Debug/PackageFrameworks -F /Volumes/Atlas/Code/projects/meadow/.build/out/Products/Debug -F /Applications/Xcode.app/Contents/Developer/Platforms/MacOSX.platform/Developer/Library/Frameworks -module-cache-path /Volumes/Atlas/Code/projects/meadow/.build/out/Intermediates.noindex/SwiftExplicitPrecompiledModules -no-color-diagnostics -Xcc -fno-color-diagnostics -enable-testing -g -debug-info-format\=dwarf -dwarf-version\=5 -swift-version 6 -Onone -D SWIFT_PACKAGE -D DEBUG -D Xcode -serialize-debugging-options -enable-experimental-feature DebugDescriptionMacro -empty-abi-descriptor -validate-clang-modules-once -clang-build-session-file /Volumes/Atlas/Code/projects/meadow/.build/out/ModuleCache.noindex/Session.modulevalidation -Xcc -working-directory -Xcc /Volumes/Atlas/Code/projects -enable-anonymous-context-mangled-names -file-compilation-dir /Volumes/Atlas/Code/projects -Xcc -fmodule-map-file\=/Volumes/Atlas/Code/projects/meadow/.build/out/Intermediates.noindex/GeneratedModuleMaps/CAuditToken.modulemap -Xcc -fmodule-map-file\=/Volumes/Atlas/Code/projects/meadow/.build/out/Intermediates.noindex/GeneratedModuleMaps/CNIOExtrasZlib.modulemap -Xcc -fmodule-map-file\=/Volumes/Atlas/Code/projects/meadow/.build/checkouts/swift-numerics/Sources/_NumericsShims/include/module.modulemap -Xcc -fmodule-map-file\=/Volumes/Atlas/Code/projects/meadow/.build/out/Intermediates.noindex/GeneratedModuleMaps/CAsyncHTTPClient.modulemap -Xcc -fmodule-map-file\=/Volumes/Atlas/Code/projects/meadow/.build/checkouts/zstd/lib/module.modulemap -Xcc -fmodule-map-file\=/Volumes/Atlas/Code/projects/meadow/.build/out/Intermediates.noindex/GeneratedModuleMaps/CNIOBoringSSLShims.modulemap -Xcc -fmodule-map-file\=/Volumes/Atlas/Code/projects/meadow/.build/checkouts/swift-nio-ssl/Sources/CNIOBoringSSL/include/module.modulemap -Xcc -fmodule-map-file\=/Volumes/Atlas/Code/projects/meadow/.build/checkouts/swift-crypto/Sources/CCryptoBoringSSLShims/include/module.modulemap -Xcc -fmodule-map-file\=/Volumes/Atlas/Code/projects/meadow/.build/checkouts/swift-crypto/Sources/CCryptoBoringSSL/include/module.modulemap -Xcc -fmodule-map-file\=/Volumes/Atlas/Code/projects/meadow/.build/out/Intermediates.noindex/GeneratedModuleMaps/CGRPCNIOTransportZlib.modulemap -Xcc -fmodule-map-file\=/Volumes/Atlas/Code/projects/meadow/.build/out/Intermediates.noindex/GeneratedModuleMaps/CShim.modulemap -Xcc -fmodule-map-file\=/Volumes/Atlas/Code/projects/meadow/.build/out/Intermediates.noindex/GeneratedModuleMaps/CArchive.modulemap -Xcc -fmodule-map-file\=/Volumes/Atlas/Code/projects/meadow/.build/out/Intermediates.noindex/GeneratedModuleMaps/CTomlPlusPlus.modulemap -Xcc -fmodule-map-file\=/Volumes/Atlas/Code/projects/meadow/.build/out/Intermediates.noindex/GeneratedModuleMaps/CVersion.modulemap -Xcc -fmodule-map-file\=/Volumes/Atlas/Code/projects/meadow/.build/checkouts/swift-system/Sources/CSystem/include/module.modulemap -Xcc -fmodule-map-file\=/Volumes/Atlas/Code/projects/meadow/.build/out/Intermediates.noindex/GeneratedModuleMaps/CNIOLLHTTP.modulemap -Xcc -fmodule-map-file\=/Volumes/Atlas/Code/projects/meadow/.build/out/Intermediates.noindex/GeneratedModuleMaps/CNIOPosix.modulemap -Xcc -fmodule-map-file\=/Volumes/Atlas/Code/projects/meadow/.build/out/Intermediates.noindex/GeneratedModuleMaps/CNIOWASI.modulemap -Xcc -fmodule-map-file\=/Volumes/Atlas/Code/projects/meadow/.build/checkouts/swift-nio/Sources/CNIOWindows/include/module.modulemap -Xcc -fmodule-map-file\=/Volumes/Atlas/Code/projects/meadow/.build/out/Intermediates.noindex/GeneratedModuleMaps/CNIOLinux.modulemap -Xcc -fmodule-map-file\=/Volumes/Atlas/Code/projects/meadow/.build/out/Intermediates.noindex/GeneratedModuleMaps/CNIODarwin.modulemap -Xcc -fmodule-map-file\=/Volumes/Atlas/Code/projects/meadow/.build/out/Intermediates.noindex/GeneratedModuleMaps/CNIOOpenBSD.modulemap -Xcc -fmodule-map-file\=/Volumes/Atlas/Code/projects/meadow/.build/out/Intermediates.noindex/GeneratedModuleMaps/CNIOAtomics.modulemap -Xcc -fmodule-map-file\=/Volumes/Atlas/Code/projects/meadow/.build/checkouts/swift-atomics/Sources/_AtomicsShims/include/module.modulemap -Xcc -fmodule-map-file\=/Volumes/Atlas/Code/projects/meadow/.build/checkouts/Yams/Sources/CYaml/include/module.modulemap -Xcc -D_LIBCPP_HARDENING_MODE\=_LIBCPP_HARDENING_MODE_DEBUG -Xcc -ivfsstatcache -Xcc /Volumes/Atlas/Code/projects/meadow/.build/out/SDKStatCaches.noindex/macosx27.0-26A425-a0facfad118c1a7a18f0aad9463f65497231f6df4def33e022ae2eb8f782df1a.sdkstatcache -Xcc -fmodules-prune-interval\=86400 -Xcc -fmodules-prune-after\=345600 -Xcc -I/Volumes/Atlas/Code/projects/meadow/.build/checkouts/container/Sources/CAuditToken/include -Xcc -I/Volumes/Atlas/Code/projects/meadow/.build/checkouts/swift-nio-extras/Sources/CNIOExtrasZlib/include -Xcc -I/Volumes/Atlas/Code/projects/meadow/.build/checkouts/swift-numerics/Sources/_NumericsShims/include -Xcc -I/Volumes/Atlas/Code/projects/meadow/.build/checkouts/async-http-client/Sources/CAsyncHTTPClient/include -Xcc -I/Volumes/Atlas/Code/projects/meadow/.build/checkouts/zstd/lib -Xcc -I/Volumes/Atlas/Code/projects/meadow/.build/checkouts/swift-nio-ssl/Sources/CNIOBoringSSLShims/include -Xcc -I/Volumes/Atlas/Code/projects/meadow/.build/checkouts/swift-nio-ssl/Sources/CNIOBoringSSL/include -Xcc -I/Volumes/Atlas/Code/projects/meadow/.build/checkouts/swift-crypto/Sources/CCryptoBoringSSLShims/include -Xcc -I/Volumes/Atlas/Code/projects/meadow/.build/checkouts/swift-crypto/Sources/CCryptoBoringSSL/include -Xcc -I/Volumes/Atlas/Code/projects/meadow/.build/checkouts/grpc-swift-nio-transport/Sources/CGRPCNIOTransportZlib/include -Xcc -I/Volumes/Atlas/Code/projects/meadow/.build/checkouts/containerization/Sources/CShim/include -Xcc -I/Volumes/Atlas/Code/projects/meadow/.build/checkouts/containerization/Sources/ContainerizationArchive/CArchive/include -Xcc -I/Volumes/Atlas/Code/projects/meadow/.build/checkouts/swift-toml/Sources/CTomlPlusPlus/include -Xcc -I/Volumes/Atlas/Code/projects/meadow/.build/checkouts/container/Sources/CVersion/include -Xcc -I/Volumes/Atlas/Code/projects/meadow/.build/checkouts/swift-system/Sources/CSystem/include -Xcc -I/Volumes/Atlas/Code/projects/meadow/.build/checkouts/swift-nio/Sources/CNIOLLHTTP/include -Xcc -I/Volumes/Atlas/Code/projects/meadow/.build/checkouts/swift-nio/Sources/CNIOPosix/include -Xcc -I/Volumes/Atlas/Code/projects/meadow/.build/checkouts/swift-nio/Sources/CNIOWASI/include -Xcc -I/Volumes/Atlas/Code/projects/meadow/.build/checkouts/swift-nio/Sources/CNIOWindows/include -Xcc -I/Volumes/Atlas/Code/projects/meadow/.build/checkouts/swift-nio/Sources/CNIOLinux/include -Xcc -I/Volumes/Atlas/Code/projects/meadow/.build/checkouts/swift-nio/Sources/CNIODarwin/include -Xcc -I/Volumes/Atlas/Code/projects/meadow/.build/checkouts/swift-nio/Sources/CNIOOpenBSD/include -Xcc -I/Volumes/Atlas/Code/projects/meadow/.build/checkouts/swift-nio/Sources/CNIOAtomics/include -Xcc -I/Volumes/Atlas/Code/projects/meadow/.build/checkouts/swift-atomics/Sources/_AtomicsShims/include -Xcc -I/Volumes/Atlas/Code/projects/meadow/.build/checkouts/Yams/Sources/CYaml/include -Xcc -I/Volumes/Atlas/Code/projects/meadow/.build/out/Products/Debug/include -Xcc -I/Volumes/Atlas/Code/projects/meadow/.build/out/Intermediates.noindex/Keg.build/Debug/KegTests-p.build/DerivedSources-normal/arm64 -Xcc -I/Volumes/Atlas/Code/projects/meadow/.build/out/Intermediates.noindex/Keg.build/Debug/KegTests-p.build/DerivedSources/arm64 -Xcc -I/Volumes/Atlas/Code/projects/meadow/.build/out/Intermediates.noindex/Keg.build/Debug/KegTests-p.build/DerivedSources -Xcc -DSWIFT_PACKAGE -Xcc -DDEBUG\=1 -no-auto-bridging-header-chaining -module-name KegTests -package-name meadow -const-gather-protocols-file /Volumes/Atlas/Code/projects/meadow/.build/out/Intermediates.noindex/Keg.build/Debug/KegTests-p.build/Objects-normal/arm64/KegTests_const_extract_protocols.json -disable-clang-spi -clang-target arm64-apple-macos27.0 -target-sdk-version 27.0 -target-sdk-name macosx27.0 -in-process-plugin-server-path /Applications/Xcode.app/Contents/Developer/Toolchains/XcodeDefault.xctoolchain/usr/lib/swift/host/libSwiftInProcPluginServer.dylib -parse-as-library -o /Volumes/Atlas/Code/projects/meadow/.build/out/Intermediates.noindex/Keg.build/Debug/KegTests-p.build/Objects-normal/arm64/DevContainerSpecTests.o -debug-module-path /Volumes/Atlas/Code/projects/meadow/.build/out/Intermediates.noindex/Keg.build/Debug/KegTests-p.build/Objects-normal/arm64/KegTests.swiftmodule -index-unit-output-path /Keg.build/Debug/KegTests-p.build/Objects-normal/arm64/DevContainerSpecTests.o -index-store-path /Volumes/Atlas/Code/projects/meadow/.build/out -index-system-modules
[41 / 52] KegTests-product
error: Build failed
error: fatalError
